Archive member included to satisfy reference by file (symbol)

..\src\config\default\zigbee\lib\zigbee_alldevice_lib.a(N_AddressManager.o)
                              build/default/production/_ext/1992166216/csPersistentMem.o (s_freeRanges)
..\src\config\default\zigbee\lib\zigbee_alldevice_lib.a(N_ConnectionAssociation.o)
                              build/default/production/_ext/420101457/consoleCmds.o (N_Connection_AssociateDiscovery_Impl)
..\src\config\default\zigbee\lib\zigbee_alldevice_lib.a(N_ConnectionCommon.o)
                              ..\src\config\default\zigbee\lib\zigbee_alldevice_lib.a(N_ConnectionAssociation.o) (N_Connection_TargetIsInterpanModeOn_Impl)
..\src\config\default\zigbee\lib\zigbee_alldevice_lib.a(N_ConnectionEnddevice.o)
                              ..\src\config\default\zigbee\lib\zigbee_alldevice_lib.a(N_ConnectionCommon.o) (N_ConnectionEndDevice_Subscribe_Impl)
..\src\config\default\zigbee\lib\zigbee_alldevice_lib.a(N_ConnectionRouter.o)
                              ..\src\config\default\zigbee\lib\zigbee_alldevice_lib.a(N_ConnectionCommon.o) (N_Connection_RouterSearchNetwork)
..\src\config\default\zigbee\lib\zigbee_alldevice_lib.a(N_Connection_ReconnectHandler.o)
                              build/default/production/_ext/677812807/z3DevicePic32cx.o (N_ConnectionEndDevice_Reconnect_Impl)
..\src\config\default\zigbee\lib\zigbee_alldevice_lib.a(N_DeviceInfo.o)
                              ..\src\config\default\zigbee\lib\zigbee_alldevice_lib.a(N_ConnectionRouter.o) (N_DeviceInfo_GetNetworkPanId_Impl)
..\src\config\default\zigbee\lib\zigbee_alldevice_lib.a(N_ErrH.o)
                              build/default/production/_ext/16121766/bcPDS.o (N_ErrH_Fatal)
..\src\config\default\zigbee\lib\zigbee_alldevice_lib.a(N_LinkTarget.o)
                              build/default/production/_ext/420101457/consoleCmds.o (N_LinkTarget_AllowStealing_Impl)
..\src\config\default\zigbee\lib\zigbee_alldevice_lib.a(N_Log.o)
                              ..\src\config\default\zigbee\lib\zigbee_alldevice_lib.a(N_ConnectionRouter.o) (N_Log_Prepare)
..\src\config\default\zigbee\lib\zigbee_alldevice_lib.a(N_PacketDistributor.o)
                              ..\src\config\default\zigbee\lib\zigbee_alldevice_lib.a(N_LinkTarget.o) (N_PacketDistributor_GetGroupCount_Impl)
..\src\config\default\zigbee\lib\zigbee_alldevice_lib.a(N_Radio.o)
                              ..\src\config\default\zigbee\lib\zigbee_alldevice_lib.a(N_LinkTarget.o) (N_Radio_GetTxPower_Impl)
..\src\config\default\zigbee\lib\zigbee_alldevice_lib.a(N_Security.o)
                              ..\src\config\default\zigbee\lib\zigbee_alldevice_lib.a(N_ConnectionEnddevice.o) (N_Security_GetRandomData_Impl)
..\src\config\default\zigbee\lib\zigbee_alldevice_lib.a(N_Security_Calc.o)
                              ..\src\config\default\zigbee\lib\zigbee_alldevice_lib.a(N_Security.o) (N_Security_Calc_Init)
..\src\config\default\zigbee\lib\zigbee_alldevice_lib.a(N_Task-Internal-Microchip.o)
                              build/default/production/_ext/2010351915/sysTaskManager.o (ZLL_TaskHandler)
..\src\config\default\zigbee\lib\zigbee_alldevice_lib.a(N_Task.o)
                              ..\src\config\default\zigbee\lib\zigbee_alldevice_lib.a(N_DeviceInfo.o) (N_Task_SetEvent)
..\src\config\default\zigbee\lib\zigbee_alldevice_lib.a(N_Timer.o)
                              ..\src\config\default\zigbee\lib\zigbee_alldevice_lib.a(N_LinkTarget.o) (N_Timer_Start16_Impl)
..\src\config\default\zigbee\lib\zigbee_alldevice_lib.a(N_Zdp.o)
                              ..\src\config\default\zigbee\lib\zigbee_alldevice_lib.a(N_ConnectionEnddevice.o) (N_Zdp_SendDeviceAnnounce_Impl)
..\src\config\default\zigbee\lib\zigbee_alldevice_lib.a(aps.o)
                              build/default/production/_ext/677812807/z3DevicePic32cx.o (APS_NextEndpoint)
..\src\config\default\zigbee\lib\zigbee_alldevice_lib.a(bdb.o)
                              build/default/production/_ext/767455689/BDB_Unpack.o (BDB_Init)
..\src\config\default\zigbee\lib\zigbee_alldevice_lib.a(bdbBcEventsHandler.o)
                              ..\src\config\default\zigbee\lib\zigbee_alldevice_lib.a(bdb.o) (bdbTrustCenterResetNodeJoinInfoTable)
..\src\config\default\zigbee\lib\zigbee_alldevice_lib.a(bdbCommissioning.o)
                              ..\src\config\default\zigbee\lib\zigbee_alldevice_lib.a(bdb.o) (bdbCommissioning_EventHandler)
..\src\config\default\zigbee\lib\zigbee_alldevice_lib.a(bdbFindingAndBinding.o)
                              ..\src\config\default\zigbee\lib\zigbee_alldevice_lib.a(bdb.o) (bdbFindingAndBinding_EventHandler)
..\src\config\default\zigbee\lib\zigbee_alldevice_lib.a(bdbIB.o)
                              ..\src\config\default\zigbee\lib\zigbee_alldevice_lib.a(bdb.o) (BDB_ResetIB)
..\src\config\default\zigbee\lib\zigbee_alldevice_lib.a(bdbInstallCode.o)
[...]
Memory Configuration

Name             Origin             Length             Attributes
boot_rom         0x00000000         0x00005e00         xrl
pds              0x01000000         0x00004000         xr
rom              0x01004000         0x000fc000         xrl
ram              0x20000000         0x00020000         xw !r
bkupram          0x44014000         0x00002000
config_00045F80  0x00045f80         0x00000004
config_00045E80  0x00045e80         0x00000004
config_00045F84  0x00045f84         0x00000004
config_00045F88  0x00045f88         0x00000004
config_00045E8C  0x00045e8c         0x00000004
config_00045E90  0x00045e90         0x00000004
config_00045E98  0x00045e98         0x00000004
config_00045E94  0x00045e94         0x00000004
config_00045F98  0x00045f98         0x00000004
config_00045E84  0x00045e84         0x00000004
config_00045E9C  0x00045e9c         0x00000004
config_00045EB0  0x00045eb0         0x00000004
config_00045F9C  0x00045f9c         0x00000004
config_00045FB0  0x00045fb0         0x00000004
config_00045E88  0x00045e88         0x00000004
config_00045EB4  0x00045eb4         0x00000004
config_00045FB8  0x00045fb8         0x00000004
config_00045FB4  0x00045fb4         0x00000004
config_00045FBC  0x00045fbc         0x00000004
config_00045F8C  0x00045f8c         0x00000004
config_00045EB8  0x00045eb8         0x00000004
config_00045F90  0x00045f90         0x00000004
config_00045EBC  0x00045ebc         0x00000004
config_00045F94  0x00045f94         0x00000004
*default*        0x00000000         0xffffffff

Linker script and memory map

LOAD c:/program files/microchip/xc32/v4.10/bin/bin/../../lib/gcc/pic32c/8.3.1/thumb/v7e-m+fp/hard/crti.o
LOAD c:/program files/microchip/xc32/v4.10/bin/bin/../../lib/gcc/pic32c/8.3.1/thumb/v7e-m+fp/hard/crtbegin.o
LOAD build/default/production/_ext/1909872746/app_temphum13.o
LOAD build/default/production/_ext/420101457/msConsole.o
LOAD build/default/production/_ext/628245630/app_uart.o
LOAD build/default/production/_ext/420101457/console.o
LOAD build/default/production/_ext/420101457/consoleCmds.o
LOAD build/default/production/_ext/628245630/app_zigbee_handler.o
LOAD build/default/production/_ext/628245630/app_zigbee.o
LOAD build/default/production/_ext/1645245335/crypto.o
LOAD build/default/production/_ext/869808652/drv_usart.o
LOAD build/default/production/_ext/1529399856/osal_freertos_extend.o
LOAD build/default/production/_ext/1529399856/osal_freertos.o
LOAD build/default/production/_ext/60165520/plib_clk.o
LOAD build/default/production/_ext/1865131932/plib_cmcc.o
LOAD build/default/production/_ext/1986646378/plib_evsys.o
LOAD build/default/production/_ext/1865254177/plib_gpio.o
LOAD build/default/production/_ext/1865468468/plib_nvic.o
LOAD build/default/production/_ext/60176403/plib_nvm.o
LOAD build/default/production/_ext/60180175/plib_rtc_timer.o
LOAD build/default/production/_ext/508257091/plib_sercom2_i2c_master.o
LOAD build/default/production/_ext/504274921/plib_sercom0_usart.o
LOAD build/default/production/_ext/60181570/plib_tcc2.o
LOAD build/default/production/_ext/1865643529/plib_trng.o
LOAD build/default/production/_ext/163028504/xc32_monitor.o
LOAD build/default/production/_ext/1014039709/sys_cache.o
LOAD build/default/production/_ext/1881668453/sys_int.o
LOAD build/default/production/_ext/1948328747/fakeBSP.o
LOAD build/default/production/_ext/1992166216/csMem.o
LOAD build/default/production/_ext/1992166216/configserver.o
LOAD build/default/production/_ext/1992166216/csPersistentMem.o
LOAD build/default/production/_ext/1852899459/sleep.o
LOAD build/default/production/_ext/1852899459/statStack.o
LOAD build/default/production/_ext/1852899459/timer.o
LOAD build/default/production/_ext/1852899459/halTaskManager.o
LOAD build/default/production/_ext/1852899459/appTimer.o
LOAD build/default/production/_ext/1852899459/sleepTimer.o
LOAD build/default/production/_ext/2026454998/halAppClock.o
LOAD build/default/production/_ext/2026454998/halMacIsr.o
LOAD build/default/production/_ext/2026454998/halSleep.o
LOAD build/default/production/_ext/2026454998/halSleepTimerClock.o
LOAD build/default/production/_ext/2026454998/halRfCtrl.o
LOAD build/default/production/_ext/2026454998/halAes.o
LOAD build/default/production/_ext/2026454998/atomic.o
LOAD build/default/production/_ext/16121766/bcPDS.o
LOAD build/default/production/_ext/16121766/wlPdsTypesConverter.o
LOAD build/default/production/_ext/2010351915/sysSleep.o
LOAD build/default/production/_ext/2010351915/sysInit.o
LOAD build/default/production/_ext/2010351915/sysDuplicateTable.o
LOAD build/default/production/_ext/2010351915/dbg.o
LOAD build/default/production/_ext/2010351915/sysTimer.o
LOAD build/default/production/_ext/2010351915/sysEventsHandler.o
LOAD build/default/production/_ext/2010351915/sysUtils.o
LOAD build/default/production/_ext/2010351915/sysMutex.o
LOAD build/default/production/_ext/2010351915/sysStat.o
LOAD build/default/production/_ext/2010351915/sysAssert.o
LOAD build/default/production/_ext/2010351915/sysIdleHandler.o
LOAD build/default/production/_ext/2010351915/sysTaskManager.o
LOAD build/default/production/_ext/2010351915/sysQueue.o
LOAD build/default/production/_ext/1543366104/scenes.o
LOAD build/default/production/_ext/266130186/zclOtauClientDiscovery.o
LOAD build/default/production/_ext/266130186/zclOtauClientUpgrade.o
LOAD build/default/production/_ext/266130186/zclCommandManager.o
LOAD build/default/production/_ext/266130186/zclOtauClientPdt.o
LOAD build/default/production/_ext/266130186/zclOtauClientQuery.o
LOAD build/default/production/_ext/266130186/zclOtauClientDownload.o
LOAD build/default/production/_ext/266130186/zclOtauClient.o
LOAD build/default/production/_ext/176650468/N_Util.o
LOAD build/default/production/_ext/410253077/identifyCluster.o
LOAD build/default/production/_ext/410253077/haClusters.o
LOAD build/default/production/_ext/410253077/commissioningCluster.o
LOAD build/default/production/_ext/410253077/groupsCluster.o
LOAD build/default/production/_ext/677812807/zgb_task.o
LOAD build/default/production/_ext/677812807/errH.o
LOAD build/default/production/_ext/677812807/zigbee_init.o
LOAD build/default/production/_ext/677812807/zgpAppInterface.o
LOAD build/default/production/_ext/677812807/zgpTranslationTable.o
LOAD build/default/production/_ext/677812807/hs2xy.o
LOAD build/default/production/_ext/677812807/z3DevicePic32cx.o
LOAD build/default/production/_ext/677812807/pic32cxBSP.o
LOAD build/default/production/_ext/760746121/osIdentifyCluster.o
LOAD build/default/production/_ext/760746121/lsBasicCluster.o
LOAD build/default/production/_ext/760746121/hsBasicCluster.o
LOAD build/default/production/_ext/760746121/osGroupsCluster.o
LOAD build/default/production/_ext/760746121/lsGroupsCluster.o
LOAD build/default/production/_ext/760746121/tsBasicCluster.o
LOAD build/default/production/_ext/760746121/lsIlluminanceMeasurementCluster.o
LOAD build/default/production/_ext/760746121/msPdt.o
LOAD build/default/production/_ext/760746121/lsIdentifyCluster.o
LOAD build/default/production/_ext/760746121/hsGroupsCluster.o
LOAD build/default/production/_ext/760746121/tsGroupsCluster.o
LOAD build/default/production/_ext/760746121/msClusters.o
LOAD build/default/production/_ext/760746121/hsIdentifyCluster.o
LOAD build/default/production/_ext/760746121/hsHumidityMeasurementCluster.o
LOAD build/default/production/_ext/760746121/multiSensor.o
LOAD build/default/production/_ext/760746121/tsIdentifyCluster.o
LOAD build/default/production/_ext/760746121/osOccupancySensingCluster.o
LOAD build/default/production/_ext/760746121/osBasicCluster.o
LOAD build/default/production/_ext/760746121/msDiagnosticsCluster.o
LOAD build/default/production/_ext/760746121/tsTemperatureMeasurementCluster.o
LOAD build/default/production/_ext/767455689/BDB_Unpack.o
LOAD build/default/production/_ext/767455689/BDB_API.o
LOAD build/default/production/_ext/888883922/CS_API.o
LOAD build/default/production/_ext/888883922/CS_Unpack.o
LOAD build/default/production/_ext/767443559/NWK_API.o
LOAD build/default/production/_ext/767443559/NWK_Unpack.o
LOAD build/default/production/_ext/767432646/ZCL_Unpack.o
LOAD build/default/production/_ext/767432646/ZCL_API.o
LOAD build/default/production/_ext/767432612/ZDO_Unpack.o
LOAD build/default/production/_ext/767432612/ZDO_API.o
LOAD build/default/production/_ext/1171490990/tasks.o
LOAD build/default/production/_ext/1171490990/device_sleep.o
LOAD build/default/production/_ext/1171490990/startup_xc32.o
LOAD build/default/production/_ext/1171490990/freertos_hooks.o
LOAD build/default/production/_ext/1171490990/exceptions.o
LOAD build/default/production/_ext/1171490990/initialization.o
LOAD build/default/production/_ext/1171490990/libc_syscalls.o
LOAD build/default/production/_ext/1171490990/interrupts.o
LOAD build/default/production/_ext/246609638/port.o
LOAD build/default/production/_ext/1665200909/heap_4.o
LOAD build/default/production/_ext/404212886/list.o
LOAD build/default/production/_ext/404212886/stream_buffer.o
LOAD build/default/production/_ext/404212886/timers.o
LOAD build/default/production/_ext/404212886/queue.o
LOAD build/default/production/_ext/404212886/FreeRTOS_tasks.o
LOAD build/default/production/_ext/404212886/croutine.o
LOAD build/default/production/_ext/404212886/event_groups.o
LOAD build/default/production/_ext/172253694/crypt_wolfcryptcb.o
LOAD build/default/production/_ext/172253694/crypt_sha224_sam6156.o
LOAD build/default/production/_ext/172253694/crypt_pukcl_functions.o
LOAD build/default/production/_ext/172253694/crypt_tdes_sam6150.o
LOAD build/default/production/_ext/172253694/crypt_sha384_sam6156.o
LOAD build/default/production/_ext/172253694/crypt_ecc_ba414e.o
LOAD build/default/production/_ext/172253694/crypt_sha1_sam11105.o
LOAD build/default/production/_ext/172253694/crypt_aes_sam6149.o
LOAD build/default/production/_ext/172253694/crypt_sha224_sam11105.o
LOAD build/default/production/_ext/172253694/crypt_sam_u2803.o
LOAD build/default/production/_ext/172253694/pic32mz-crypt.o
LOAD build/default/production/_ext/172253694/crypt_ecc_pukcl.o
LOAD build/default/production/_ext/172253694/crypt_sha1_sam6156.o
LOAD build/default/production/_ext/172253694/crypt_sha256_sam6156.o
LOAD build/default/production/_ext/172253694/crypt_rng_sam6334.o
LOAD build/default/production/_ext/172253694/crypt_aes_u2238.o
LOAD build/default/production/_ext/172253694/crypt_sha256_sam11105.o
LOAD build/default/production/_ext/172253694/crypt_sha512_sam6156.o
LOAD build/default/production/_ext/172253694/crypt_rng_u2242.o
LOAD build/default/production/_ext/172253694/crypt_rsa_pukcl.o
LOAD build/default/production/_ext/1664057780/misc.o
LOAD build/default/production/_ext/1664057780/wc_dsp.o
LOAD build/default/production/_ext/1664057780/ge_low_mem.o
LOAD build/default/production/_ext/1664057780/hc128.o
LOAD build/default/production/_ext/1664057780/fe_operations.o
LOAD build/default/production/_ext/1664057780/wc_encrypt.o
LOAD build/default/production/_ext/1664057780/asm.o
LOAD build/default/production/_ext/1664057780/ge_operations.o
LOAD build/default/production/_ext/1664057780/sha3.o
LOAD build/default/production/_ext/1664057780/coding.o
LOAD build/default/production/_ext/1664057780/signature.o
LOAD build/default/production/_ext/1664057780/md4.o
LOAD build/default/production/_ext/1664057780/dh.o
LOAD build/default/production/_ext/1664057780/pwdbased.o
LOAD build/default/production/_ext/1664057780/sha.o
LOAD build/default/production/_ext/1664057780/cryptocb.o
LOAD build/default/production/_ext/1664057780/cpuid.o
LOAD build/default/production/_ext/1664057780/wolfevent.o
LOAD build/default/production/_ext/1664057780/wc_port.o
LOAD build/default/production/_ext/1664057780/cmac.o
LOAD build/default/production/_ext/1664057780/sp_arm32.o
LOAD build/default/production/_ext/1664057780/ge_448.o
LOAD build/default/production/_ext/1664057780/logging.o
LOAD build/default/production/_ext/1664057780/pkcs7.o
LOAD build/default/production/_ext/1664057780/ed25519.o
LOAD build/default/production/_ext/1664057780/sp_dsp32.o
LOAD build/default/production/_ext/1664057780/arc4.o
LOAD build/default/production/_ext/1664057780/wolfmath.o
LOAD build/default/production/_ext/1664057780/pkcs12.o
LOAD build/default/production/_ext/1664057780/dsa.o
LOAD build/default/production/_ext/1664057780/aes.o
LOAD build/default/production/_ext/1664057780/memory.o
LOAD build/default/production/_ext/1664057780/des3.o
LOAD build/default/production/_ext/1664057780/ecc_fp.o
LOAD build/default/production/_ext/1664057780/integer.o
LOAD build/default/production/_ext/1664057780/curve25519.o
LOAD build/default/production/_ext/1664057780/asn.o
LOAD build/default/production/_ext/1664057780/hmac.o
LOAD build/default/production/_ext/1664057780/rabbit.o
LOAD build/default/production/_ext/1664057780/sp_c64.o
LOAD build/default/production/_ext/1664057780/wc_pkcs11.o
LOAD build/default/production/_ext/1664057780/poly1305.o
LOAD build/default/production/_ext/1664057780/ripemd.o
LOAD build/default/production/_ext/1664057780/sp_cortexm.o
LOAD build/default/production/_ext/1664057780/sha256.o
LOAD build/default/production/_ext/1664057780/md5.o
LOAD build/default/production/_ext/1664057780/tfm.o
LOAD build/default/production/_ext/1664057780/sp_x86_64.o
LOAD build/default/production/_ext/1664057780/ecc.o
LOAD build/default/production/_ext/1664057780/compress.o
LOAD build/default/production/_ext/1664057780/camellia.o
LOAD build/default/production/_ext/1664057780/srp.o
LOAD build/default/production/_ext/1664057780/hash.o
LOAD build/default/production/_ext/1664057780/evp.o
LOAD build/default/production/_ext/1664057780/md2.o
LOAD build/default/production/_ext/1664057780/chacha20_poly1305.o
LOAD build/default/production/_ext/1664057780/blake2b.o
LOAD build/default/production/_ext/1664057780/idea.o
LOAD build/default/production/_ext/1664057780/rsa.o
LOAD build/default/production/_ext/1664057780/blake2s.o
LOAD build/default/production/_ext/1664057780/rc2.o
LOAD build/default/production/_ext/1664057780/fe_448.o
LOAD build/default/production/_ext/1664057780/error.o
LOAD build/default/production/_ext/1664057780/sp_armthumb.o
LOAD build/default/production/_ext/1664057780/sp_int.o
LOAD build/default/production/_ext/1664057780/curve448.o
LOAD build/default/production/_ext/1664057780/fe_low_mem.o
LOAD build/default/production/_ext/1664057780/sp_c32.o
LOAD build/default/production/_ext/1664057780/sha512.o
LOAD build/default/production/_ext/1664057780/ed448.o
LOAD build/default/production/_ext/1664057780/random.o
LOAD build/default/production/_ext/1664057780/chacha.o
LOAD build/default/production/_ext/1664057780/sp_arm64.o
LOAD build/default/production/_ext/1360937237/app.o
LOAD build/default/production/_ext/1360937237/app_user_edits.o
LOAD build/default/production/_ext/1360937237/app_idle_task.o
LOAD build/default/production/_ext/1360937237/main.o
LOAD ..\src\config\default\zigbee\lib\zigbee_alldevice_lib.a
LOAD ..\src\config\default\driver\device_support\pic32cx_bz2_device_support.a
LOAD ..\src\config\default\driver\pds\pds.a
                0x00000001                __MPLAB_BUILD = 0x1

.bkupram_data
 *(.bkupram_data .bkupram_data.*)

.bkupram_bss
 *(.bkupram_bss .bkupram_bss.*)
 *(.pbss .pbss.*)
                0x01100000                __rom_end = (ORIGIN (rom) + LENGTH (rom))
                0x20020000                __ram_end = (ORIGIN (ram) + LENGTH (ram))

.config_00045F80
 *(.config_00045F80)

.config_00045E80
 *(.config_00045E80)

.config_00045F84
 *(.config_00045F84)

.config_00045F88
                0x00045f88        0x4
 *(.config_00045F88)
 .config_00045F88
                0x00045f88        0x4 build/default/production/_ext/1171490990/initialization.o
                0x00045f88                __config_00045F88

.config_00045E8C
 *(.config_00045E8C)

.config_00045E90
 *(.config_00045E90)

.config_00045E98
 *(.config_00045E98)

.config_00045E94
 *(.config_00045E94)

.config_00045F98
                0x00045f98        0x4
 *(.config_00045F98)
 .config_00045F98
                0x00045f98        0x4 build/default/production/_ext/1171490990/initialization.o
                0x00045f98                __config_00045F98

.config_00045E84
 *(.config_00045E84)

.config_00045E9C
 *(.config_00045E9C)

.config_00045EB0
 *(.config_00045EB0)

.config_00045F9C
                0x00045f9c        0x4
 *(.config_00045F9C)
 .config_00045F9C
                0x00045f9c        0x4 build/default/production/_ext/1171490990/initialization.o
                0x00045f9c                __config_00045F9C

.config_00045FB0
 *(.config_00045FB0)

.config_00045E88
 *(.config_00045E88)

.config_00045EB4
 *(.config_00045EB4)

.config_00045FB8
 *(.config_00045FB8)

.config_00045FB4
 *(.config_00045FB4)

.config_00045FBC
                0x00045fbc        0x4
 *(.config_00045FBC)
 .config_00045FBC
                0x00045fbc        0x4 build/default/production/_ext/1171490990/initialization.o
                0x00045fbc                __config_00045FBC

.config_00045F8C
                0x00045f8c        0x4
 *(.config_00045F8C)
 .config_00045F8C
                0x00045f8c        0x4 build/default/production/_ext/1171490990/initialization.o
                0x00045f8c                __config_00045F8C

.config_00045EB8
 *(.config_00045EB8)

.config_00045F90
                0x00045f90        0x4
 *(.config_00045F90)
 .config_00045F90
                0x00045f90        0x4 build/default/production/_ext/1171490990/initialization.o
                0x00045f90                __config_00045F90

.config_00045EBC
 *(.config_00045EBC)

.config_00045F94
                0x00045f94        0x4
 *(.config_00045F94)
 .config_00045F94
                0x00045f94        0x4 build/default/production/_ext/1171490990/initialization.o
                0x00045f94                __config_00045F94

.vectors        0x00000000       0xe0
                0x00000000                . = ALIGN (0x4)
                0x00000000                _sfixed = .
 *(.vectors .vectors.* .vectors_default .vectors_default.*)
 .vectors       0x00000000       0xe0 build/default/production/_ext/1171490990/interrupts.o
                0x00000000                exception_table
 *(.isr_vector)
 *(.reset*)
 *(.after_vectors)

.dnvMem         0x01000000        0x0
                0x01000000                __d_nv_mem_start = .
                0x01004000                __d_nv_mem_end = (ORIGIN (pds) + LENGTH (pds))

.text           0x01004000      0x128
                0x01004000                PROVIDE (__pds_ff_start = .)
 *(.pds_ff .pds_ff.*)
 .pds_ff        0x01004000       0xe0 build/default/production/_ext/1992166216/csPersistentMem.o
                0x01004000                pds_ff_FREE_RANGES_STORAGE_ITEM_ID
                0x01004010                pds_ff_FACTORY_NEW_STORAGE_ITEM_ID
                0x01004020                pds_ff_TC_MODE_STORAGE_ITEM_ID
                0x01004030                pds_ff_BDB_NODEISONANWK_MEM_ID
                0x01004040                pds_ff_BC_STACK_VERSION_MEM_ID
                0x01004050                pds_ff_NWK_RREQ_IDENTIFIER_ITEM_ID
                0x01004060                pds_ff_CS_GROUP_TABLE_ITEM_ID
                0x01004070                pds_ff_CS_APS_BINDING_TABLE_ITEM_ID
                0x01004080                pds_ff_NWK_SECURITY_COUNTERS_ITEM_ID
                0x01004090                pds_ff_CS_NWK_SECURITY_KEYS_ITEM_ID
                0x010040a0                pds_ff_CS_NWK_SECURITY_IB_ITEM_ID
                0x010040b0                pds_ff_CS_APS_KEY_PAIR_DESCRIPTORS_ITEM_ID
                0x010040c0                pds_ff_CS_NEIB_TABLE_ITEM_ID
                0x010040d0                pds_ff_BC_EXT_GEN_MEMORY_ITEM_ID
 .pds_ff        0x010040e0       0x20 build/default/production/_ext/760746121/msPdt.o
                0x010040e0                pds_ff_APP_PARAM4_MEM_ID
                0x010040f0                pds_ff_APP_PARAM2_MEM_ID
                [!provide]                PROVIDE (__pds_ff_end = .)
                0x01004100                PROVIDE (__pds_fd_start = .)
 *(.pds_fd .pds_fd.*)
 .pds_fd        0x01004100        0x8 build/default/production/_ext/1992166216/csPersistentMem.o
                0x01004100                BCRejoinParamsDirDescr
                [!provide]                PROVIDE (__pds_fd_end = .)
                0x01004108                . = ALIGN (0x4)
 *(.glue_7t)
 .glue_7t       0x01004108        0x0 linker stubs
 *(.glue_7)
 .glue_7        0x01004108        0x0 linker stubs
 *(.gnu.linkonce.r.*)
 *(.ARM.extab* .gnu.linkonce.armextab.*)
                0x01004108                . = ALIGN (0x4)
 *(.init)
 .init          0x01004108        0x4 c:/program files/microchip/xc32/v4.10/bin/bin/../../lib/gcc/pic32c/8.3.1/thumb/v7e-m+fp/hard/crti.o
                0x01004108                _init
 .init          0x0100410c        0x8 c:/program files/microchip/xc32/v4.10/bin/bin/../../lib/gcc/pic32c/8.3.1/thumb/v7e-m+fp/hard/crtn.o
                0x01004114                . = ALIGN (0x4)
                0x01004114                __preinit_array_start = .
 *(.preinit_array)
                0x01004114                __preinit_array_end = .
                0x01004114                . = ALIGN (0x4)
                0x01004114                __init_array_start = .
 *(SORT_BY_NAME(.init_array.*))
 *(.init_array)
 .init_array    0x01004114        0x4 c:/program files/microchip/xc32/v4.10/bin/bin/../../lib/gcc/pic32c/8.3.1/thumb/v7e-m+fp/hard/crtbegin.o
                0x01004118                __init_array_end = .
                0x01004118                . = ALIGN (0x4)
 *crtbegin.o(.ctors)
 *(EXCLUDE_FILE(*crtend.o) .ctors)
 *(SORT_BY_NAME(.ctors.*))
 *crtend.o(.ctors)
                0x01004118                . = ALIGN (0x4)
 *(.fini)
 .fini          0x01004118        0x4 c:/program files/microchip/xc32/v4.10/bin/bin/../../lib/gcc/pic32c/8.3.1/thumb/v7e-m+fp/hard/crti.o
                0x01004118                _fini
 .fini          0x0100411c        0x8 c:/program files/microchip/xc32/v4.10/bin/bin/../../lib/gcc/pic32c/8.3.1/thumb/v7e-m+fp/hard/crtn.o
                0x01004124                . = ALIGN (0x4)
                0x01004124                __fini_array_start = .
 *(.fini_array)
 .fini_array    0x01004124        0x4 c:/program files/microchip/xc32/v4.10/bin/bin/../../lib/gcc/pic32c/8.3.1/thumb/v7e-m+fp/hard/crtbegin.o
 *(SORT_BY_NAME(.fini_array.*))
                0x01004128                __fini_array_end = .
 *crtbegin.o(.dtors)
 *(EXCLUDE_FILE(*crtend.o) .dtors)
 *(SORT_BY_NAME(.dtors.*))
 *crtend.o(.dtors)
                0x01004128                . = ALIGN (0x4)
                0x01004128                _efixed = .
                [!provide]                PROVIDE (__exidx_start = .)

.ARM.exidx      0x01004128        0x8
 *(.ARM.exidx* .gnu.linkonce.armexidx.*)
 .ARM.exidx     0x01004128        0x8 c:/program files/microchip/xc32/v4.10/bin/bin/../../lib/gcc/pic32c/8.3.1/thumb/v7e-m+fp/hard\libgcc.a(_udivmoddi4.o)
                [!provide]                PROVIDE (__exidx_end = .)
                0x01004130                . = ALIGN (0x4)
                0x01004130                _etext = .

.bss            0x20000000     0x4460
                0x20000000                . = ALIGN (0x4)
                0x20000000                __bss_start__ = .
                0x20000000                _sbss = .
                0x20000000                _szero = .
 *(COMMON)
 COMMON         0x20000000      0x208 build/default/production/_ext/628245630/app_uart.o
                0x20000000                appUart
 COMMON         0x20000208       0x20 build/default/production/_ext/420101457/consoleCmds.o
                0x20000208                AppbdbCommissioningreq
                0x20000218                appSetTargetType
                0x20000220                localVar
 COMMON         0x20000228     0x2b90 build/default/production/_ext/1992166216/csMem.o
                0x20000228                stackBuffers
                0x20002c50                csAIB
                0x20002c80                csZIB
                0x20002c98                csPIB
                0x20002ce0                csBIB
                0x20002cf0                csSIB
                0x20002d60                csNIB
 COMMON         0x20002db8       0x1c build/default/production/_ext/2026454998/halSleep.o
                0x20002db8                trx_sleep_enabled
                0x20002dbc                g_refoReg
 COMMON         0x20002dd4       0x10 build/default/production/_ext/2026454998/halAes.o
                0x20002dd4                req
 *fill*         0x20002de4        0x4 
 COMMON         0x20002de8       0x60 build/default/production/_ext/16121766/wlPdsTypesConverter.o
                0x20002de8                extGenMem
 COMMON         0x20002e48        0xc build/default/production/_ext/2010351915/sysAssert.o
                0x20002e48                s_pAssertSubscriber
                0x20002e4c                gAssertDbgCode
                0x20002e50                gAssertParam
 *fill*         0x20002e54        0x4 
 COMMON         0x20002e58      0x1a0 build/default/production/_ext/410253077/haClusters.o
                0x20002e58                reqNwk
                0x20002e78                descModeMem
 COMMON         0x20002ff8        0xc build/default/production/_ext/677812807/zgb_task.o
                0x20002ff8                apiRequestQueueHandle
                0x20002ffc                zos
                0x20003000                semStackInternalHandler
 *fill*         0x20003004      0x1fc 
 COMMON         0x20003200      0x24c build/default/production/_ext/677812807/zigbee_init.o
                0x20003200                sram_vector_table
                0x20003400                fnAppGenericCB
                0x20003404                zigbeeRequestQueueHandle
                0x20003408                osalAPIList
 COMMON         0x2000344c        0x8 build/default/production/_ext/677812807/z3DevicePic32cx.o
                0x2000344c                deviceBindReqs
 COMMON         0x20003454       0x10 build/default/production/_ext/888883922/CS_API.o
                0x20003454                csWriteParameter
                0x2000345c                csReadParameter
 COMMON         0x20003464        0xc build/default/production/_ext/767432612/ZDO_Unpack.o
                0x20003464                cbParams
 COMMON         0x20003470        0x8 build/default/production/_ext/1171490990/tasks.o
                0x20003470                zigbeeTaskHandle
                0x20003474                xAPP_Tasks
 COMMON         0x20003478        0x4 build/default/production/_ext/1171490990/initialization.o
                0x20003478                sysObj
 COMMON         0x2000347c        0x8 build/default/production/_ext/1360937237/app.o
                0x2000347c                appData
 COMMON         0x20003484       0x28 ..\src\config\default\zigbee\lib\zigbee_alldevice_lib.a(N_ConnectionEnddevice.o)
                0x20003484                joinNetworkParams
 *fill*         0x200034ac        0x4 
 COMMON         0x200034b0      0x1a8 ..\src\config\default\zigbee\lib\zigbee_alldevice_lib.a(aps.o)
                0x200034b0                apsMem
 COMMON         0x20003658      0x218 ..\src\config\default\zigbee\lib\zigbee_alldevice_lib.a(bdb.o)
                0x20003658                bdbMem
 COMMON         0x20003870        0x4 ..\src\config\default\zigbee\lib\zigbee_alldevice_lib.a(bdbCommissioning.o)
                0x20003870                bdbCommissionCallback
 *fill*         0x20003874        0x4 
 COMMON         0x20003878       0x30 ..\src\config\default\zigbee\lib\zigbee_alldevice_lib.a(bdbIB.o)
                0x20003878                bdbIB
 COMMON         0x200038a8        0x4 ..\src\config\default\zigbee\lib\zigbee_alldevice_lib.a(machwdTxFrameHandler.o)
                0x200038a8                machwdTxFrameHandlerRetryCounter
                0x200038aa                machwdTxFrameHandlerRandomSeed
 *fill*         0x200038ac        0x4 
 COMMON         0x200038b0      0x4e4 ..\src\config\default\zigbee\lib\zigbee_alldevice_lib.a(nwk.o)
                0x200038b0                nwkMem
                0x20003d00                endDevHashEntry
                0x20003d80                edKeepAliveTimer
 COMMON         0x20003d94       0x23 ..\src\config\default\zigbee\lib\zigbee_alldevice_lib.a(phyDeepSleep.o)
                0x20003d94                transceiverMemory
 COMMON         0x20003db7        0x1 ..\src\config\default\zigbee\lib\zigbee_alldevice_lib.a(phyInit.o)
                0x20003db7                radioArbiterMode
 COMMON         0x20003db8       0xe0 ..\src\config\default\zigbee\lib\zigbee_alldevice_lib.a(sspMem.o)
                0x20003db8                sspMem
 COMMON         0x20003e98      0x178 ..\src\config\default\zigbee\lib\zigbee_alldevice_lib.a(tcMem.o)
                0x20003e98                tcMem
 COMMON         0x20004010        0x8 ..\src\config\default\zigbee\lib\zigbee_alldevice_lib.a(zcl.o)
                0x20004010                zclMem
 COMMON         0x20004018      0x2d4 ..\src\config\default\zigbee\lib\zigbee_alldevice_lib.a(zdo.o)
                0x20004018                zdoMem
                0x200042d8                zdoParentAnnceTimer
 *fill*         0x200042ec        0x4 
 COMMON         0x200042f0      0x118 ..\src\config\default\zigbee\lib\zigbee_alldevice_lib.a(macMem.o)
                0x200042f0                macMem
 COMMON         0x20004408        0x1 ..\src\config\default\zigbee\lib\zigbee_alldevice_lib.a(machwdEdHandler.o)
                0x20004408                __energyLevel
 COMMON         0x20004409       0x21 ..\src\config\default\zigbee\lib\zigbee_alldevice_lib.a(machwdFrameRoutine.o)
                0x20004409                txBuffer
 COMMON         0x2000442a       0x20 ..\src\config\default\zigbee\lib\zigbee_alldevice_lib.a(machwiTransactionHash.o)
                0x2000442a                pendingTransactionsHash
 *fill*         0x2000444a        0x2 
 COMMON         0x2000444c       0x11 ..\src\config\default\driver\device_support\pic32cx_bz2_device_support.a(rf_system.o)
                0x2000444c                g_validFactoryCalTemp
                0x2000444e                g_lastTemperatureDegreeC
                0x20004450                g_vrefComp
                0x20004454                g_lastCalTime
                0x20004458                g_currentTime
                0x2000445c                g_needCal
                0x20004460                . = ALIGN (0x4)
 *fill*         0x2000445d        0x3 
                0x20004460                __bss_end__ = .
                0x20004460                _ebss = .
                0x20004460                _ezero = .
                0x20004460                . = ALIGN (0x4)
                0x20004460                _end = .
                0x2001ffff                _ram_end_ = ((ORIGIN (ram) + LENGTH (ram)) - 0x1)
                0x00001000                _min_heap_size = 0x1000
                0x00000400                _min_stack_size = 0x400
START GROUP
LOAD c:/program files/microchip/xc32/v4.10/bin/bin/../../lib/gcc/pic32c/8.3.1/../../../../pic32c/lib/thumb/v7e-m+fp/hard\libpic32c.a
LOAD c:/program files/microchip/xc32/v4.10/bin/bin/../../lib/gcc/pic32c/8.3.1/../../../../pic32c/lib/thumb/v7e-m+fp/hard\libm-emfloat.a
LOAD c:/program files/microchip/xc32/v4.10/bin/bin/../../lib/gcc/pic32c/8.3.1/../../../../pic32c/lib/thumb/v7e-m+fp/hard\libc-musl.a
LOAD c:/program files/microchip/xc32/v4.10/bin/bin/../../lib/gcc/pic32c/8.3.1/../../../../pic32c/lib/thumb/v7e-m+fp/hard\libm-emfloat.a
LOAD c:/program files/microchip/xc32/v4.10/bin/bin/../../lib/gcc/pic32c/8.3.1/thumb/v7e-m+fp/hard\libgcc.a
END GROUP
LOAD c:/program files/microchip/xc32/v4.10/bin/bin/../../lib/gcc/pic32c/8.3.1/thumb/v7e-m+fp/hard/crtend.o
LOAD c:/program files/microchip/xc32/v4.10/bin/bin/../../lib/gcc/pic32c/8.3.1/thumb/v7e-m+fp/hard/crtn.o
OUTPUT(dist/default/production/Zigbee_Multisensor_temphum13.X.production.elf elf32-littlearm)
LOAD stack
LOAD data_init

.ARM.attributes
                0x00000000       0x32
 .ARM.attributes
                0x00000000       0x1e c:/program files/microchip/xc32/v4.10/bin/bin/../../lib/gcc/pic32c/8.3.1/thumb/v7e-m+fp/hard/crti.o
 .ARM.attributes
                0x0000001e       0x34 c:/program files/microchip/xc32/v4.10/bin/bin/../../lib/gcc/pic32c/8.3.1/thumb/v7e-m+fp/hard/crtbegin.o
 .ARM.attributes
                0x00000052       0x34 build/default/production/_ext/1909872746/app_temphum13.o
 .ARM.attributes
                0x00000086       0x34 build/default/production/_ext/420101457/msConsole.o
 .ARM.attributes
                0x000000ba       0x34 build/default/production/_ext/628245630/app_uart.o
 .ARM.attributes
                0x000000ee       0x34 build/default/production/_ext/420101457/console.o
 .ARM.attributes
                0x00000122       0x34 build/default/production/_ext/420101457/consoleCmds.o
 .ARM.attributes
                0x00000156       0x34 build/default/production/_ext/628245630/app_zigbee_handler.o
 .ARM.attributes
                0x0000018a       0x34 build/default/production/_ext/628245630/app_zigbee.o
 .ARM.attributes
                0x000001be       0x34 build/default/production/_ext/1645245335/crypto.o
 .ARM.attributes
                0x000001f2       0x34 build/default/production/_ext/869808652/drv_usart.o
 .ARM.attributes
                0x00000226       0x34 build/default/production/_ext/1529399856/osal_freertos_extend.o
 .ARM.attributes
                0x0000025a       0x34 build/default/production/_ext/1529399856/osal_freertos.o
 .ARM.attributes
                0x0000028e       0x34 build/default/production/_ext/60165520/plib_clk.o
 .ARM.attributes
                0x000002c2       0x34 build/default/production/_ext/1986646378/plib_evsys.o
 .ARM.attributes
                0x000002f6       0x34 build/default/production/_ext/1865254177/plib_gpio.o
 .ARM.attributes
                0x0000032a       0x34 build/default/production/_ext/1865468468/plib_nvic.o
 .ARM.attributes
                0x0000035e       0x34 build/default/production/_ext/60176403/plib_nvm.o
 .ARM.attributes
                0x00000392       0x34 build/default/production/_ext/60180175/plib_rtc_timer.o
 .ARM.attributes
                0x000003c6       0x34 build/default/production/_ext/508257091/plib_sercom2_i2c_master.o
 .ARM.attributes
                0x000003fa       0x34 build/default/production/_ext/504274921/plib_sercom0_usart.o
 .ARM.attributes
                0x0000042e       0x34 build/default/production/_ext/60181570/plib_tcc2.o
 .ARM.attributes
                0x00000462       0x34 build/default/production/_ext/1865643529/plib_trng.o
 .ARM.attributes
                0x00000496       0x34 build/default/production/_ext/163028504/xc32_monitor.o
 .ARM.attributes
                0x000004ca       0x34 build/default/production/_ext/1881668453/sys_int.o
 .ARM.attributes
                0x000004fe       0x34 build/default/production/_ext/1992166216/csMem.o
 .ARM.attributes
                0x00000532       0x34 build/default/production/_ext/1992166216/configserver.o
 .ARM.attributes
                0x00000566       0x39 build/default/production/_ext/1992166216/csPersistentMem.o
 .ARM.attributes
                0x0000059f       0x34 build/default/production/_ext/1852899459/timer.o
 .ARM.attributes
                0x000005d3       0x34 build/default/production/_ext/1852899459/halTaskManager.o
 .ARM.attributes
                0x00000607       0x34 build/default/production/_ext/1852899459/appTimer.o
 .ARM.attributes
                0x0000063b       0x34 build/default/production/_ext/2026454998/halAppClock.o
 .ARM.attributes
                0x0000066f       0x34 build/default/production/_ext/2026454998/halMacIsr.o
 .ARM.attributes
                0x000006a3       0x34 build/default/production/_ext/2026454998/halSleep.o
 .ARM.attributes
                0x000006d7       0x34 build/default/production/_ext/2026454998/halRfCtrl.o
 .ARM.attributes
                0x0000070b       0x34 build/default/production/_ext/2026454998/halAes.o
 .ARM.attributes
                0x0000073f       0x34 build/default/production/_ext/16121766/bcPDS.o
 .ARM.attributes
                0x00000773       0x34 build/default/production/_ext/16121766/wlPdsTypesConverter.o
 .ARM.attributes
                0x000007a7       0x34 build/default/production/_ext/2010351915/sysSleep.o
 .ARM.attributes
                0x000007db       0x34 build/default/production/_ext/2010351915/sysInit.o
 .ARM.attributes
                0x0000080f       0x34 build/default/production/_ext/2010351915/sysDuplicateTable.o
 .ARM.attributes
                0x00000843       0x34 build/default/production/_ext/2010351915/sysTimer.o
 .ARM.attributes
                0x00000877       0x34 build/default/production/_ext/2010351915/sysEventsHandler.o
 .ARM.attributes
                0x000008ab       0x34 build/default/production/_ext/2010351915/sysUtils.o
 .ARM.attributes
                0x000008df       0x34 build/default/production/_ext/2010351915/sysMutex.o
 .ARM.attributes
                0x00000913       0x34 build/default/production/_ext/2010351915/sysAssert.o
 .ARM.attributes
                0x00000947       0x34 build/default/production/_ext/2010351915/sysIdleHandler.o
 .ARM.attributes
                0x0000097b       0x34 build/default/production/_ext/2010351915/sysTaskManager.o
 .ARM.attributes
                0x000009af       0x34 build/default/production/_ext/2010351915/sysQueue.o
 .ARM.attributes
                0x000009e3       0x34 build/default/production/_ext/1543366104/scenes.o
 .ARM.attributes
                0x00000a17       0x34 build/default/production/_ext/266130186/zclCommandManager.o
 .ARM.attributes
                0x00000a4b       0x34 build/default/production/_ext/176650468/N_Util.o
 .ARM.attributes
                0x00000a7f       0x34 build/default/production/_ext/410253077/identifyCluster.o
 .ARM.attributes
                0x00000ab3       0x34 build/default/production/_ext/410253077/haClusters.o
 .ARM.attributes
                0x00000ae7       0x34 build/default/production/_ext/410253077/groupsCluster.o
 .ARM.attributes
                0x00000b1b       0x34 build/default/production/_ext/677812807/zgb_task.o
 .ARM.attributes
                0x00000b4f       0x34 build/default/production/_ext/677812807/errH.o
 .ARM.attributes
                0x00000b83       0x34 build/default/production/_ext/677812807/zigbee_init.o
 .ARM.attributes
                0x00000bb7       0x34 build/default/production/_ext/677812807/z3DevicePic32cx.o
 .ARM.attributes
                0x00000beb       0x34 build/default/production/_ext/677812807/pic32cxBSP.o
 .ARM.attributes
                0x00000c1f       0x34 build/default/production/_ext/760746121/hsBasicCluster.o
 .ARM.attributes
                0x00000c53       0x34 build/default/production/_ext/760746121/tsBasicCluster.o
 .ARM.attributes
                0x00000c87       0x39 build/default/production/_ext/760746121/msPdt.o
 .ARM.attributes
                0x00000cc0       0x34 build/default/production/_ext/760746121/hsGroupsCluster.o
 .ARM.attributes
                0x00000cf4       0x34 build/default/production/_ext/760746121/tsGroupsCluster.o
 .ARM.attributes
                0x00000d28       0x39 build/default/production/_ext/760746121/msClusters.o
 .ARM.attributes
                0x00000d61       0x34 build/default/production/_ext/760746121/hsIdentifyCluster.o
 .ARM.attributes
                0x00000d95       0x34 build/default/production/_ext/760746121/hsHumidityMeasurementCluster.o
 .ARM.attributes
                0x00000dc9       0x34 build/default/production/_ext/760746121/multiSensor.o
 .ARM.attributes
                0x00000dfd       0x34 build/default/production/_ext/760746121/tsIdentifyCluster.o
 .ARM.attributes
                0x00000e31       0x34 build/default/production/_ext/760746121/tsTemperatureMeasurementCluster.o
 .ARM.attributes
                0x00000e65       0x34 build/default/production/_ext/767455689/BDB_Unpack.o
 .ARM.attributes
                0x00000e99       0x34 build/default/production/_ext/767455689/BDB_API.o
 .ARM.attributes
                0x00000ecd       0x34 build/default/production/_ext/888883922/CS_API.o
 .ARM.attributes
                0x00000f01       0x34 build/default/production/_ext/888883922/CS_Unpack.o
 .ARM.attributes
                0x00000f35       0x34 build/default/production/_ext/767443559/NWK_API.o
 .ARM.attributes
                0x00000f69       0x34 build/default/production/_ext/767443559/NWK_Unpack.o
 .ARM.attributes
                0x00000f9d       0x34 build/default/production/_ext/767432646/ZCL_Unpack.o
 .ARM.attributes
                0x00000fd1       0x34 build/default/production/_ext/767432646/ZCL_API.o
 .ARM.attributes
                0x00001005       0x34 build/default/production/_ext/767432612/ZDO_Unpack.o
 .ARM.attributes
                0x00001039       0x34 build/default/production/_ext/1171490990/tasks.o
 .ARM.attributes
                0x0000106d       0x34 build/default/production/_ext/1171490990/device_sleep.o
 .ARM.attributes
                0x000010a1       0x34 build/default/production/_ext/1171490990/startup_xc32.o
 .ARM.attributes
                0x000010d5       0x34 build/default/production/_ext/1171490990/freertos_hooks.o
 .ARM.attributes
                0x00001109       0x34 build/default/production/_ext/1171490990/exceptions.o
 .ARM.attributes
                0x0000113d       0x34 build/default/production/_ext/1171490990/initialization.o
 .ARM.attributes
                0x00001171       0x34 build/default/production/_ext/1171490990/interrupts.o
 .ARM.attributes
                0x000011a5       0x34 build/default/production/_ext/246609638/port.o
 .ARM.attributes
                0x000011d9       0x34 build/default/production/_ext/1665200909/heap_4.o
 .ARM.attributes
                0x0000120d       0x34 build/default/production/_ext/404212886/list.o
 .ARM.attributes
                0x00001241       0x34 build/default/production/_ext/404212886/queue.o
 .ARM.attributes
                0x00001275       0x34 build/default/production/_ext/404212886/FreeRTOS_tasks.o
 .ARM.attributes
                0x000012a9       0x34 build/default/production/_ext/172253694/crypt_wolfcryptcb.o
 .ARM.attributes
                0x000012dd       0x34 build/default/production/_ext/172253694/crypt_aes_u2238.o
 .ARM.attributes
                0x00001311       0x34 build/default/production/_ext/1664057780/cryptocb.o
 .ARM.attributes
                0x00001345       0x34 build/default/production/_ext/1664057780/aes.o
 .ARM.attributes
                0x00001379       0x34 build/default/production/_ext/1360937237/app.o
 .ARM.attributes
                0x000013ad       0x34 build/default/production/_ext/1360937237/app_idle_task.o
 .ARM.attributes
                0x000013e1       0x34 build/default/production/_ext/1360937237/main.o
 .ARM.attributes
                0x00001415       0x34 ..\src\config\default\zigbee\lib\zigbee_alldevice_lib.a(N_AddressManager.o)
 .ARM.attributes
                0x00001449       0x34 ..\src\config\default\zigbee\lib\zigbee_alldevice_lib.a(N_ConnectionAssociation.o)
 .ARM.attributes
                0x0000147d       0x34 ..\src\config\default\zigbee\lib\zigbee_alldevice_lib.a(N_ConnectionCommon.o)
 .ARM.attributes
                0x000014b1       0x34 ..\src\config\default\zigbee\lib\zigbee_alldevice_lib.a(N_ConnectionEnddevice.o)
 .ARM.attributes
                0x000014e5       0x34 ..\src\config\default\zigbee\lib\zigbee_alldevice_lib.a(N_ConnectionRouter.o)
 .ARM.attributes
                0x00001519       0x34 ..\src\config\default\zigbee\lib\zigbee_alldevice_lib.a(N_Connection_ReconnectHandler.o)
 .ARM.attributes
                0x0000154d       0x34 ..\src\config\default\zigbee\lib\zigbee_alldevice_lib.a(N_DeviceInfo.o)
 .ARM.attributes
                0x00001581       0x34 ..\src\config\default\zigbee\lib\zigbee_alldevice_lib.a(N_ErrH.o)
 .ARM.attributes
                0x000015b5       0x34 ..\src\config\default\zigbee\lib\zigbee_alldevice_lib.a(N_LinkTarget.o)
 .ARM.attributes
                0x000015e9       0x34 ..\src\config\default\zigbee\lib\zigbee_alldevice_lib.a(N_Log.o)
 .ARM.attributes
                0x0000161d       0x34 ..\src\config\default\zigbee\lib\zigbee_alldevice_lib.a(N_PacketDistributor.o)
 .ARM.attributes
                0x00001651       0x34 ..\src\config\default\zigbee\lib\zigbee_alldevice_lib.a(N_Radio.o)
 .ARM.attributes
                0x00001685       0x34 ..\src\config\default\zigbee\lib\zigbee_alldevice_lib.a(N_Security.o)
 .ARM.attributes
                0x000016b9       0x34 ..\src\config\default\zigbee\lib\zigbee_alldevice_lib.a(N_Security_Calc.o)
 .ARM.attributes
                0x000016ed       0x34 ..\src\config\default\zigbee\lib\zigbee_alldevice_lib.a(N_Task-Internal-Microchip.o)
 .ARM.attributes
                0x00001721       0x34 ..\src\config\default\zigbee\lib\zigbee_alldevice_lib.a(N_Task.o)
 .ARM.attributes
                0x00001755       0x34 ..\src\config\default\zigbee\lib\zigbee_alldevice_lib.a(N_Timer.o)
 .ARM.attributes
                0x00001789       0x34 ..\src\config\default\zigbee\lib\zigbee_alldevice_lib.a(N_Zdp.o)
 .ARM.attributes
                0x000017bd       0x34 ..\src\config\default\zigbee\lib\zigbee_alldevice_lib.a(aps.o)
 .ARM.attributes
                0x000017f1       0x34 ..\src\config\default\zigbee\lib\zigbee_alldevice_lib.a(bdb.o)
 .ARM.attributes
                0x00001825       0x34 ..\src\config\default\zigbee\lib\zigbee_alldevice_lib.a(bdbBcEventsHandler.o)
 .ARM.attributes
                0x00001859       0x34 ..\src\config\default\zigbee\lib\zigbee_alldevice_lib.a(bdbCommissioning.o)
 .ARM.attributes
                0x0000188d       0x34 ..\src\config\default\zigbee\lib\zigbee_alldevice_lib.a(bdbFindingAndBinding.o)
 .ARM.attributes
                0x000018c1       0x34 ..\src\config\default\zigbee\lib\zigbee_alldevice_lib.a(bdbIB.o)
 .ARM.attributes
                0x000018f5       0x34 ..\src\config\default\zigbee\lib\zigbee_alldevice_lib.a(bdbInstallCode.o)
 .ARM.attributes
                0x00001929       0x34 ..\src\config\default\zigbee\lib\zigbee_alldevice_lib.a(bdbNwkFormation.o)
 .ARM.attributes
                0x0000195d       0x34 ..\src\config\default\zigbee\lib\zigbee_alldevice_lib.a(bdbNwkSteering.o)
 .ARM.attributes
                0x00001991       0x34 ..\src\config\default\zigbee\lib\zigbee_alldevice_lib.a(bdbReset.o)
 .ARM.attributes
                0x000019c5       0x34 ..\src\config\default\zigbee\lib\zigbee_alldevice_lib.a(bdbSecurity.o)
 .ARM.attributes
                0x000019f9       0x34 ..\src\config\default\zigbee\lib\zigbee_alldevice_lib.a(bdbTouchlink.o)
 .ARM.attributes
                0x00001a2d       0x34 ..\src\config\default\zigbee\lib\zigbee_alldevice_lib.a(macenvPib.o)
 .ARM.attributes
                0x00001a61       0x34 ..\src\config\default\zigbee\lib\zigbee_alldevice_lib.a(machwdManager.o)
 .ARM.attributes
                0x00001a95       0x34 ..\src\config\default\zigbee\lib\zigbee_alldevice_lib.a(machwdRegAccessHandler.o)
 .ARM.attributes
                0x00001ac9       0x34 ..\src\config\default\zigbee\lib\zigbee_alldevice_lib.a(machwdResetHandler.o)
 .ARM.attributes
                0x00001afd       0x34 ..\src\config\default\zigbee\lib\zigbee_alldevice_lib.a(machwdRndHandler.o)
 .ARM.attributes
                0x00001b31       0x34 ..\src\config\default\zigbee\lib\zigbee_alldevice_lib.a(machwdRxBuffer.o)
 .ARM.attributes
                0x00001b65       0x34 ..\src\config\default\zigbee\lib\zigbee_alldevice_lib.a(machwdRxFrameHandler.o)
 .ARM.attributes
                0x00001b99       0x34 ..\src\config\default\zigbee\lib\zigbee_alldevice_lib.a(machwdSetHandler.o)
 .ARM.attributes
                0x00001bcd       0x34 ..\src\config\default\zigbee\lib\zigbee_alldevice_lib.a(machwdTrxCtrl.o)
 .ARM.attributes
                0x00001c01       0x34 ..\src\config\default\zigbee\lib\zigbee_alldevice_lib.a(machwdTrxHandler.o)
 .ARM.attributes
                0x00001c35       0x34 ..\src\config\default\zigbee\lib\zigbee_alldevice_lib.a(machwdTxFrameHandler.o)
 .ARM.attributes
                0x00001c69       0x34 ..\src\config\default\zigbee\lib\zigbee_alldevice_lib.a(machwiBanNode.o)
 .ARM.attributes
                0x00001c9d       0x34 ..\src\config\default\zigbee\lib\zigbee_alldevice_lib.a(machwiManager.o)
 .ARM.attributes
                0x00001cd1       0x34 ..\src\config\default\zigbee\lib\zigbee_alldevice_lib.a(machwiOrphanHandler.o)
 .ARM.attributes
                0x00001d05       0x34 ..\src\config\default\zigbee\lib\zigbee_alldevice_lib.a(machwiPanServer.o)
 .ARM.attributes
                0x00001d39       0x34 ..\src\config\default\zigbee\lib\zigbee_alldevice_lib.a(machwiPollHandler.o)
 .ARM.attributes
                0x00001d6d       0x34 ..\src\config\default\zigbee\lib\zigbee_alldevice_lib.a(machwiPurgeHandler.o)
 .ARM.attributes
                0x00001da1       0x34 ..\src\config\default\zigbee\lib\zigbee_alldevice_lib.a(machwiResetHandler.o)
 .ARM.attributes
                0x00001dd5       0x34 ..\src\config\default\zigbee\lib\zigbee_alldevice_lib.a(machwiRxEnableHandler.o)
 .ARM.attributes
                0x00001e09       0x34 ..\src\config\default\zigbee\lib\zigbee_alldevice_lib.a(machwiScanHandler.o)
 .ARM.attributes
                0x00001e3d       0x34 ..\src\config\default\zigbee\lib\zigbee_alldevice_lib.a(machwiSetGetHandler.o)
 .ARM.attributes
                0x00001e71       0x34 ..\src\config\default\zigbee\lib\zigbee_alldevice_lib.a(machwiStartHandler.o)
 .ARM.attributes
                0x00001ea5       0x34 ..\src\config\default\zigbee\lib\zigbee_alldevice_lib.a(machwiSwitchRxCtrl.o)
 .ARM.attributes
                0x00001ed9       0x34 ..\src\config\default\zigbee\lib\zigbee_alldevice_lib.a(machwiTransactionHandler.o)
 .ARM.attributes
                0x00001f0d       0x34 ..\src\config\default\zigbee\lib\zigbee_alldevice_lib.a(machwiTransactionQueue.o)
 .ARM.attributes
                0x00001f41       0x34 ..\src\config\default\zigbee\lib\zigbee_alldevice_lib.a(nwk.o)
 .ARM.attributes
                0x00001f75       0x34 ..\src\config\default\zigbee\lib\zigbee_alldevice_lib.a(phyAntDiversity.o)
 .ARM.attributes
                0x00001fa9       0x34 ..\src\config\default\zigbee\lib\zigbee_alldevice_lib.a(phyDeepSleep.o)
 .ARM.attributes
                0x00001fdd       0x34 ..\src\config\default\zigbee\lib\zigbee_alldevice_lib.a(phyInit.o)
 .ARM.attributes
                0x00002011       0x34 ..\src\config\default\zigbee\lib\zigbee_alldevice_lib.a(phyRegAccess.o)
 .ARM.attributes
                0x00002045       0x34 ..\src\config\default\zigbee\lib\zigbee_alldevice_lib.a(phyReset.o)
 .ARM.attributes
                0x00002079       0x34 ..\src\config\default\zigbee\lib\zigbee_alldevice_lib.a(phyRfIrqDispatcher.o)
 .ARM.attributes
                0x000020ad       0x34 ..\src\config\default\zigbee\lib\zigbee_alldevice_lib.a(phyRnd.o)
 .ARM.attributes
                0x000020e1       0x34 ..\src\config\default\zigbee\lib\zigbee_alldevice_lib.a(phyRtimerIrqDispatcher.o)
 .ARM.attributes
                0x00002115       0x34 ..\src\config\default\zigbee\lib\zigbee_alldevice_lib.a(phyRxFrame.o)
 .ARM.attributes
                0x00002149       0x34 ..\src\config\default\zigbee\lib\zigbee_alldevice_lib.a(phySet.o)
 .ARM.attributes
                0x0000217d       0x34 ..\src\config\default\zigbee\lib\zigbee_alldevice_lib.a(phySetTrxState.o)
 .ARM.attributes
                0x000021b1       0x34 ..\src\config\default\zigbee\lib\zigbee_alldevice_lib.a(phyStateMachine.o)
 .ARM.attributes
                0x000021e5       0x34 ..\src\config\default\zigbee\lib\zigbee_alldevice_lib.a(phyTxFrame.o)
 .ARM.attributes
                0x00002219       0x34 ..\src\config\default\zigbee\lib\zigbee_alldevice_lib.a(phyTxPowerConverter.o)
 .ARM.attributes
                0x0000224d       0x34 ..\src\config\default\zigbee\lib\zigbee_alldevice_lib.a(sspHashHandler.o)
 .ARM.attributes
                0x00002281       0x34 ..\src\config\default\zigbee\lib\zigbee_alldevice_lib.a(sspManager.o)
 .ARM.attributes
                0x000022b5       0x39 ..\src\config\default\zigbee\lib\zigbee_alldevice_lib.a(sspMem.o)
 .ARM.attributes
                0x000022ee       0x34 ..\src\config\default\zigbee\lib\zigbee_alldevice_lib.a(sspSfpHandler.o)
 .ARM.attributes
                0x00002322       0x34 ..\src\config\default\zigbee\lib\zigbee_alldevice_lib.a(tcIndInput.o)
 .ARM.attributes
                0x00002356       0x34 ..\src\config\default\zigbee\lib\zigbee_alldevice_lib.a(tcKeyEstablishHandler.o)
 .ARM.attributes
                0x0000238a       0x39 ..\src\config\default\zigbee\lib\zigbee_alldevice_lib.a(tcMem.o)
 .ARM.attributes
                0x000023c3       0x34 ..\src\config\default\zigbee\lib\zigbee_alldevice_lib.a(tcPermissions.o)
 .ARM.attributes
                0x000023f7       0x34 ..\src\config\default\zigbee\lib\zigbee_alldevice_lib.a(tcRemoveHandler.o)
 .ARM.attributes
                0x0000242b       0x34 ..\src\config\default\zigbee\lib\zigbee_alldevice_lib.a(tcResetHandler.o)
 .ARM.attributes
                0x0000245f       0x34 ..\src\config\default\zigbee\lib\zigbee_alldevice_lib.a(tcTaskManager.o)
 .ARM.attributes
                0x00002493       0x34 ..\src\config\default\zigbee\lib\zigbee_alldevice_lib.a(zcl.o)
 .ARM.attributes
                0x000024c7       0x34 ..\src\config\default\zigbee\lib\zigbee_alldevice_lib.a(zclApsInterface.o)
 .ARM.attributes
                0x000024fb       0x34 ..\src\config\default\zigbee\lib\zigbee_alldevice_lib.a(zclAttributes.o)
 .ARM.attributes
                0x0000252f       0x34 ..\src\config\default\zigbee\lib\zigbee_alldevice_lib.a(zclCommandAnalyzer.o)
 .ARM.attributes
                0x00002563       0x34 ..\src\config\default\zigbee\lib\zigbee_alldevice_lib.a(zclMemoryManager.o)
 .ARM.attributes
                0x00002597       0x34 ..\src\config\default\zigbee\lib\zigbee_alldevice_lib.a(zclParser.o)
 .ARM.attributes
                0x000025cb       0x34 ..\src\config\default\zigbee\lib\zigbee_alldevice_lib.a(zclSecurityManager.o)
 .ARM.attributes
                0x000025ff       0x34 ..\src\config\default\zigbee\lib\zigbee_alldevice_lib.a(zclTaskManager.o)
 .ARM.attributes
                0x00002633       0x34 ..\src\config\default\zigbee\lib\zigbee_alldevice_lib.a(zdo.o)
 .ARM.attributes
                0x00002667       0x39 ..\src\config\default\zigbee\lib\zigbee_alldevice_lib.a(N_Address.o)
 .ARM.attributes
                0x000026a0       0x34 ..\src\config\default\zigbee\lib\zigbee_alldevice_lib.a(N_Binding.o)
 .ARM.attributes
                0x000026d4       0x34 ..\src\config\default\zigbee\lib\zigbee_alldevice_lib.a(N_Cmi.o)
 .ARM.attributes
                0x00002708       0x34 ..\src\config\default\zigbee\lib\zigbee_alldevice_lib.a(N_EndDeviceRobustness.o)
 .ARM.attributes
                0x0000273c       0x34 ..\src\config\default\zigbee\lib\zigbee_alldevice_lib.a(N_Fsm.o)
 .ARM.attributes
                0x00002770       0x34 ..\src\config\default\zigbee\lib\zigbee_alldevice_lib.a(N_InterPan.o)
 .ARM.attributes
                0x000027a4       0x34 ..\src\config\default\zigbee\lib\zigbee_alldevice_lib.a(N_InterPanBuffers.o)
 .ARM.attributes
                0x000027d8       0x34 ..\src\config\default\zigbee\lib\zigbee_alldevice_lib.a(N_LinkInitiator.o)
 .ARM.attributes
                0x0000280c       0x34 ..\src\config\default\zigbee\lib\zigbee_alldevice_lib.a(N_Memory-Microchip.o)
 .ARM.attributes
                0x00002840       0x34 ..\src\config\default\zigbee\lib\zigbee_alldevice_lib.a(N_ReconnectHandler.o)
 .ARM.attributes
                0x00002874       0x34 ..\src\config\default\zigbee\lib\zigbee_alldevice_lib.a(N_Timer-Internal-Microchip.o)
 .ARM.attributes
                0x000028a8       0x39 ..\src\config\default\zigbee\lib\zigbee_alldevice_lib.a(macMem.o)
 .ARM.attributes
                0x000028e1       0x34 ..\src\config\default\zigbee\lib\zigbee_alldevice_lib.a(machwdCalibHandler.o)
 .ARM.attributes
                0x00002915       0x34 ..\src\config\default\zigbee\lib\zigbee_alldevice_lib.a(machwdEdHandler.o)
 .ARM.attributes
                0x00002949       0x34 ..\src\config\default\zigbee\lib\zigbee_alldevice_lib.a(machwdFrameRoutine.o)
 .ARM.attributes
                0x0000297d       0x34 ..\src\config\default\zigbee\lib\zigbee_alldevice_lib.a(machwdHandlerCtrl.o)
 .ARM.attributes
                0x000029b1       0x34 ..\src\config\default\zigbee\lib\zigbee_alldevice_lib.a(machwiAssociateHandler.o)
 .ARM.attributes
                0x000029e5       0x34 ..\src\config\default\zigbee\lib\zigbee_alldevice_lib.a(machwiBeaconHandler.o)
 .ARM.attributes
                0x00002a19       0x34 ..\src\config\default\zigbee\lib\zigbee_alldevice_lib.a(machwiDataHandler.o)
 .ARM.attributes
                0x00002a4d       0x34 ..\src\config\default\zigbee\lib\zigbee_alldevice_lib.a(machwiTransactionHash.o)
 .ARM.attributes
                0x00002a81       0x34 ..\src\config\default\zigbee\lib\zigbee_alldevice_lib.a(phyCalib.o)
 .ARM.attributes
                0x00002ab5       0x34 ..\src\config\default\zigbee\lib\zigbee_alldevice_lib.a(phyEd.o)
 .ARM.attributes
                0x00002ae9       0x34 ..\src\config\default\zigbee\lib\zigbee_alldevice_lib.a(sspAesHandler.o)
 .ARM.attributes
                0x00002b1d       0x34 ..\src\config\default\zigbee\lib\zigbee_alldevice_lib.a(sspCcmHandler.o)
 .ARM.attributes
                0x00002b51       0x34 ..\src\config\default\zigbee\lib\zigbee_alldevice_lib.a(sspHash.o)
 .ARM.attributes
                0x00002b85       0x34 ..\src\config\default\zigbee\lib\zigbee_alldevice_lib.a(sspReset.o)
 .ARM.attributes
                0x00002bb9       0x34 ..\src\config\default\zigbee\lib\zigbee_alldevice_lib.a(tcAuthenticHandler.o)
 .ARM.attributes
                0x00002bed       0x34 ..\src\config\default\zigbee\lib\zigbee_alldevice_lib.a(tcDeviceTableCtrlHandler.o)
 .ARM.attributes
                0x00002c21       0x34 ..\src\config\default\zigbee\lib\zigbee_alldevice_lib.a(tcKeyUpdateHandler.o)
 .ARM.attributes
                0x00002c55       0x34 ..\src\config\default\driver\device_support\pic32cx_bz2_device_support.a(info_block.o)
 .ARM.attributes
                0x00002c89       0x34 ..\src\config\default\driver\device_support\pic32cx_bz2_device_support.a(pmu_system.o)
 .ARM.attributes
                0x00002cbd       0x34 ..\src\config\default\driver\device_support\pic32cx_bz2_device_support.a(rf.o)
 .ARM.attributes
                0x00002cf1       0x34 ..\src\config\default\driver\device_support\pic32cx_bz2_device_support.a(rf_system.o)
 .ARM.attributes
                0x00002d25       0x34 ..\src\config\default\driver\device_support\pic32cx_bz2_device_support.a(sleep_system.o)
 .ARM.attributes
                0x00002d59       0x34 ..\src\config\default\driver\device_support\pic32cx_bz2_device_support.a(info_block_plat.o)
 .ARM.attributes
                0x00002d8d       0x34 ..\src\config\default\driver\device_support\pic32cx_bz2_device_support.a(pmu_dvr.o)
 .ARM.attributes
                0x00002dc1       0x34 ..\src\config\default\driver\pds\pds.a(wlPdsDataServer.o)
 .ARM.attributes
                0x00002df5       0x34 ..\src\config\default\driver\pds\pds.a(wlPdsInit.o)
 .ARM.attributes
                0x00002e29       0x34 ..\src\config\default\driver\pds\pds.a(D_Nv.o)
 .ARM.attributes
                0x00002e5d       0x34 ..\src\config\default\driver\pds\pds.a(S_Nv-Chimera.o)
 .ARM.attributes
                0x00002e91       0x34 c:/program files/microchip/xc32/v4.10/bin/bin/../../lib/gcc/pic32c/8.3.1/../../../../pic32c/lib/thumb/v7e-m+fp/hard\libpic32c.a(data_init.o)
 .ARM.attributes
                0x00002ec5       0x34 c:/program files/microchip/xc32/v4.10/bin/bin/../../lib/gcc/pic32c/8.3.1/../../../../pic32c/lib/thumb/v7e-m+fp/hard\libm-emfloat.a(lib_a-_POW.o)
 .ARM.attributes
                0x00002ef9       0x34 c:/program files/microchip/xc32/v4.10/bin/bin/../../lib/gcc/pic32c/8.3.1/../../../../pic32c/lib/thumb/v7e-m+fp/hard\libm-emfloat.a(lib_a-_ROUND.o)
 .ARM.attributes
                0x00002f2d       0x20 c:/program files/microchip/xc32/v4.10/bin/bin/../../lib/gcc/pic32c/8.3.1/../../../../pic32c/lib/thumb/v7e-m+fp/hard\libm-emfloat.a(floatasmops_arm.o)
 .ARM.attributes
                0x00002f4d       0x34 c:/program files/microchip/xc32/v4.10/bin/bin/../../lib/gcc/pic32c/8.3.1/../../../../pic32c/lib/thumb/v7e-m+fp/hard\libm-emfloat.a(lib_a-_EXP.o)
 .ARM.attributes
                0x00002f81       0x34 c:/program files/microchip/xc32/v4.10/bin/bin/../../lib/gcc/pic32c/8.3.1/../../../../pic32c/lib/thumb/v7e-m+fp/hard\libm-emfloat.a(lib_a-_LOG.o)
 .ARM.attributes
                0x00002fb5       0x34 c:/program files/microchip/xc32/v4.10/bin/bin/../../lib/gcc/pic32c/8.3.1/../../../../pic32c/lib/thumb/v7e-m+fp/hard\libm-emfloat.a(lib_a-_LDEXP.o)
 .ARM.attributes
                0x00002fe9       0x34 c:/program files/microchip/xc32/v4.10/bin/bin/../../lib/gcc/pic32c/8.3.1/../../../../pic32c/lib/thumb/v7e-m+fp/hard\libm-emfloat.a(lib_a-_FREXP.o)
 .ARM.attributes
                0x0000301d       0x36 c:/program files/microchip/xc32/v4.10/bin/bin/../../lib/gcc/pic32c/8.3.1/../../../../pic32c/lib/thumb/v7e-m+fp/hard\libc-musl.a(__libc_start_main.o)
 .ARM.attributes
                0x00003053       0x34 c:/program files/microchip/xc32/v4.10/bin/bin/../../lib/gcc/pic32c/8.3.1/../../../../pic32c/lib/thumb/v7e-m+fp/hard\libc-musl.a(__errno_location.o)
 .ARM.attributes
                0x00003087       0x34 c:/program files/microchip/xc32/v4.10/bin/bin/../../lib/gcc/pic32c/8.3.1/../../../../pic32c/lib/thumb/v7e-m+fp/hard\libc-musl.a(libc.o)
 .ARM.attributes
                0x000030bb       0x36 c:/program files/microchip/xc32/v4.10/bin/bin/../../lib/gcc/pic32c/8.3.1/../../../../pic32c/lib/thumb/v7e-m+fp/hard\libc-musl.a(rand.o)
 .ARM.attributes
                0x000030f1       0x36 c:/program files/microchip/xc32/v4.10/bin/bin/../../lib/gcc/pic32c/8.3.1/../../../../pic32c/lib/thumb/v7e-m+fp/hard\libc-musl.a(puts.o)
 .ARM.attributes
                0x00003127       0x36 c:/program files/microchip/xc32/v4.10/bin/bin/../../lib/gcc/pic32c/8.3.1/../../../../pic32c/lib/thumb/v7e-m+fp/hard\libc-musl.a(vsprintf.o)
 .ARM.attributes
                0x0000315d       0x36 c:/program files/microchip/xc32/v4.10/bin/bin/../../lib/gcc/pic32c/8.3.1/../../../../pic32c/lib/thumb/v7e-m+fp/hard\libc-musl.a(memcmp.o)
 .ARM.attributes
                0x00003193       0x36 c:/program files/microchip/xc32/v4.10/bin/bin/../../lib/gcc/pic32c/8.3.1/../../../../pic32c/lib/thumb/v7e-m+fp/hard\libc-musl.a(memcpy.o)
 .ARM.attributes
                0x000031c9       0x36 c:/program files/microchip/xc32/v4.10/bin/bin/../../lib/gcc/pic32c/8.3.1/../../../../pic32c/lib/thumb/v7e-m+fp/hard\libc-musl.a(memmove.o)
 .ARM.attributes
                0x000031ff       0x36 c:/program files/microchip/xc32/v4.10/bin/bin/../../lib/gcc/pic32c/8.3.1/../../../../pic32c/lib/thumb/v7e-m+fp/hard\libc-musl.a(memset.o)
 .ARM.attributes
                0x00003235       0x36 c:/program files/microchip/xc32/v4.10/bin/bin/../../lib/gcc/pic32c/8.3.1/../../../../pic32c/lib/thumb/v7e-m+fp/hard\libc-musl.a(strlen.o)
 .ARM.attributes
                0x0000326b       0x36 c:/program files/microchip/xc32/v4.10/bin/bin/../../lib/gcc/pic32c/8.3.1/../../../../pic32c/lib/thumb/v7e-m+fp/hard\libc-musl.a(strcmp.o)
 .ARM.attributes
                0x000032a1       0x36 c:/program files/microchip/xc32/v4.10/bin/bin/../../lib/gcc/pic32c/8.3.1/../../../../pic32c/lib/thumb/v7e-m+fp/hard\libc-musl.a(strncpy.o)
 .ARM.attributes
                0x000032d7       0x34 c:/program files/microchip/xc32/v4.10/bin/bin/../../lib/gcc/pic32c/8.3.1/../../../../pic32c/lib/thumb/v7e-m+fp/hard\libc-musl.a(__environ.o)
 .ARM.attributes
                0x0000330b       0x36 c:/program files/microchip/xc32/v4.10/bin/bin/../../lib/gcc/pic32c/8.3.1/../../../../pic32c/lib/thumb/v7e-m+fp/hard\libc-musl.a(fputs.o)
 .ARM.attributes
                0x00003341       0x36 c:/program files/microchip/xc32/v4.10/bin/bin/../../lib/gcc/pic32c/8.3.1/../../../../pic32c/lib/thumb/v7e-m+fp/hard\libc-musl.a(putc.o)
 .ARM.attributes
                0x00003377       0x36 c:/program files/microchip/xc32/v4.10/bin/bin/../../lib/gcc/pic32c/8.3.1/../../../../pic32c/lib/thumb/v7e-m+fp/hard\libc-musl.a(stdout.o)
 .ARM.attributes
                0x000033ad       0x36 c:/program files/microchip/xc32/v4.10/bin/bin/../../lib/gcc/pic32c/8.3.1/../../../../pic32c/lib/thumb/v7e-m+fp/hard\libc-musl.a(vsnprintf.o)
 .ARM.attributes
                0x000033e3       0x36 c:/program files/microchip/xc32/v4.10/bin/bin/../../lib/gcc/pic32c/8.3.1/../../../../pic32c/lib/thumb/v7e-m+fp/hard\libc-musl.a(stpncpy.o)
 .ARM.attributes
                0x00003419       0x36 c:/program files/microchip/xc32/v4.10/bin/bin/../../lib/gcc/pic32c/8.3.1/../../../../pic32c/lib/thumb/v7e-m+fp/hard\libc-musl.a(__fwrite.o)
 .ARM.attributes
                0x0000344f       0x36 c:/program files/microchip/xc32/v4.10/bin/bin/../../lib/gcc/pic32c/8.3.1/../../../../pic32c/lib/thumb/v7e-m+fp/hard\libc-musl.a(__out.o)
 .ARM.attributes
                0x00003485       0x36 c:/program files/microchip/xc32/v4.10/bin/bin/../../lib/gcc/pic32c/8.3.1/../../../../pic32c/lib/thumb/v7e-m+fp/hard\libc-musl.a(__stderr.o)
 .ARM.attributes
                0x000034bb       0x36 c:/program files/microchip/xc32/v4.10/bin/bin/../../lib/gcc/pic32c/8.3.1/../../../../pic32c/lib/thumb/v7e-m+fp/hard\libc-musl.a(__stdio_close.o)
 .ARM.attributes
                0x000034f1       0x36 c:/program files/microchip/xc32/v4.10/bin/bin/../../lib/gcc/pic32c/8.3.1/../../../../pic32c/lib/thumb/v7e-m+fp/hard\libc-musl.a(__stdout.o)
 .ARM.attributes
                0x00003527       0x36 c:/program files/microchip/xc32/v4.10/bin/bin/../../lib/gcc/pic32c/8.3.1/../../../../pic32c/lib/thumb/v7e-m+fp/hard\libc-musl.a(vfprintf.o)
 .ARM.attributes
                0x0000355d       0x36 c:/program files/microchip/xc32/v4.10/bin/bin/../../lib/gcc/pic32c/8.3.1/../../../../pic32c/lib/thumb/v7e-m+fp/hard\libc-musl.a(__init_stdio.o)
 .ARM.attributes
                0x00003593       0x36 c:/program files/microchip/xc32/v4.10/bin/bin/../../lib/gcc/pic32c/8.3.1/../../../../pic32c/lib/thumb/v7e-m+fp/hard\libc-musl.a(__printf_core.o)
 .ARM.attributes
                0x000035c9       0x36 c:/program files/microchip/xc32/v4.10/bin/bin/../../lib/gcc/pic32c/8.3.1/../../../../pic32c/lib/thumb/v7e-m+fp/hard\libc-musl.a(atoi.o)
 .ARM.attributes
                0x000035ff       0x36 c:/program files/microchip/xc32/v4.10/bin/bin/../../lib/gcc/pic32c/8.3.1/../../../../pic32c/lib/thumb/v7e-m+fp/hard\libc-musl.a(tolower.o)
 .ARM.attributes
                0x00003635       0x36 c:/program files/microchip/xc32/v4.10/bin/bin/../../lib/gcc/pic32c/8.3.1/../../../../pic32c/lib/thumb/v7e-m+fp/hard\libc-musl.a(__fmt_a.o)
 .ARM.attributes
                0x0000366b       0x36 c:/program files/microchip/xc32/v4.10/bin/bin/../../lib/gcc/pic32c/8.3.1/../../../../pic32c/lib/thumb/v7e-m+fp/hard\libc-musl.a(__fmt_d.o)
 .ARM.attributes
                0x000036a1       0x36 c:/program files/microchip/xc32/v4.10/bin/bin/../../lib/gcc/pic32c/8.3.1/../../../../pic32c/lib/thumb/v7e-m+fp/hard\libc-musl.a(__fmt_fp.o)
 .ARM.attributes
                0x000036d7       0x36 c:/program files/microchip/xc32/v4.10/bin/bin/../../lib/gcc/pic32c/8.3.1/../../../../pic32c/lib/thumb/v7e-m+fp/hard\libc-musl.a(__fmt_o.o)
 .ARM.attributes
                0x0000370d       0x36 c:/program files/microchip/xc32/v4.10/bin/bin/../../lib/gcc/pic32c/8.3.1/../../../../pic32c/lib/thumb/v7e-m+fp/hard\libc-musl.a(__fmt_s.o)
 .ARM.attributes
                0x00003743       0x36 c:/program files/microchip/xc32/v4.10/bin/bin/../../lib/gcc/pic32c/8.3.1/../../../../pic32c/lib/thumb/v7e-m+fp/hard\libc-musl.a(__fmt_u.o)
 .ARM.attributes
                0x00003779       0x36 c:/program files/microchip/xc32/v4.10/bin/bin/../../lib/gcc/pic32c/8.3.1/../../../../pic32c/lib/thumb/v7e-m+fp/hard\libc-musl.a(__fmt_x.o)
 .ARM.attributes
                0x000037af       0x36 c:/program files/microchip/xc32/v4.10/bin/bin/../../lib/gcc/pic32c/8.3.1/../../../../pic32c/lib/thumb/v7e-m+fp/hard\libc-musl.a(__pop_float.o)
 .ARM.attributes
                0x000037e5       0x36 c:/program files/microchip/xc32/v4.10/bin/bin/../../lib/gcc/pic32c/8.3.1/../../../../pic32c/lib/thumb/v7e-m+fp/hard\libc-musl.a(__pop_int.o)
 .ARM.attributes
                0x0000381b       0x36 c:/program files/microchip/xc32/v4.10/bin/bin/../../lib/gcc/pic32c/8.3.1/../../../../pic32c/lib/thumb/v7e-m+fp/hard\libc-musl.a(__pop_ptr.o)
 .ARM.attributes
                0x00003851       0x36 c:/program files/microchip/xc32/v4.10/bin/bin/../../lib/gcc/pic32c/8.3.1/../../../../pic32c/lib/thumb/v7e-m+fp/hard\libc-musl.a(strcpy.o)
 .ARM.attributes
                0x00003887       0x36 c:/program files/microchip/xc32/v4.10/bin/bin/../../lib/gcc/pic32c/8.3.1/../../../../pic32c/lib/thumb/v7e-m+fp/hard\libc-musl.a(toupper.o)
 .ARM.attributes
                0x000038bd       0x36 c:/program files/microchip/xc32/v4.10/bin/bin/../../lib/gcc/pic32c/8.3.1/../../../../pic32c/lib/thumb/v7e-m+fp/hard\libc-musl.a(stpcpy.o)
 .ARM.attributes
                0x000038f3       0x34 c:/program files/microchip/xc32/v4.10/bin/bin/../../lib/gcc/pic32c/8.3.1/../../../../pic32c/lib/thumb/v7e-m+fp/hard\libm-emfloat.a(lib_a-_FLOOR.o)
 .ARM.attributes
                0x00003927       0x34 c:/program files/microchip/xc32/v4.10/bin/bin/../../lib/gcc/pic32c/8.3.1/../../../../pic32c/lib/thumb/v7e-m+fp/hard\libm-emfloat.a(lib_a-_FMA.o)
 .ARM.attributes
                0x0000395b       0x1e c:/program files/microchip/xc32/v4.10/bin/bin/../../lib/gcc/pic32c/8.3.1/thumb/v7e-m+fp/hard\libgcc.a(_aeabi_uldivmod.o)
 .ARM.attributes
                0x00003979       0x34 c:/program files/microchip/xc32/v4.10/bin/bin/../../lib/gcc/pic32c/8.3.1/thumb/v7e-m+fp/hard\libgcc.a(_udivmoddi4.o)
 .ARM.attributes
                0x000039ad       0x1e c:/program files/microchip/xc32/v4.10/bin/bin/../../lib/gcc/pic32c/8.3.1/thumb/v7e-m+fp/hard\libgcc.a(_dvmd_tls.o)
 .ARM.attributes
                0x000039cb       0x34 c:/program files/microchip/xc32/v4.10/bin/bin/../../lib/gcc/pic32c/8.3.1/../../../../pic32c/lib/thumb/v7e-m+fp/hard\libpic32c.a(close.o)
 .ARM.attributes
                0x000039ff       0x34 c:/program files/microchip/xc32/v4.10/bin/bin/../../lib/gcc/pic32c/8.3.1/../../../../pic32c/lib/thumb/v7e-m+fp/hard\libpic32c.a(lseek.o)
 .ARM.attributes
                0x00003a33       0x1e c:/program files/microchip/xc32/v4.10/bin/bin/../../lib/gcc/pic32c/8.3.1/thumb/v7e-m+fp/hard/crtn.o

.comment        0x00000000       0xd1
 .comment       0x00000000       0x2b c:/program files/microchip/xc32/v4.10/bin/bin/../../lib/gcc/pic32c/8.3.1/thumb/v7e-m+fp/hard/crtbegin.o
                                 0x2c (size before relaxing)
 .comment       0x0000002b       0x2c build/default/production/_ext/1909872746/app_temphum13.o
 .comment       0x0000002b       0x2c build/default/production/_ext/420101457/msConsole.o
 .comment       0x0000002b       0x2c build/default/production/_ext/628245630/app_uart.o
 .comment       0x0000002b       0x2c build/default/production/_ext/420101457/console.o
 .comment       0x0000002b       0x2c build/default/production/_ext/420101457/consoleCmds.o
 .comment       0x0000002b       0x2c build/default/production/_ext/628245630/app_zigbee_handler.o
 .comment       0x0000002b       0x2c build/default/production/_ext/628245630/app_zigbee.o
 .comment       0x0000002b       0x2c build/default/production/_ext/1645245335/crypto.o
 .comment       0x0000002b       0x2c build/default/production/_ext/869808652/drv_usart.o
 .comment       0x0000002b       0x2c build/default/production/_ext/1529399856/osal_freertos_extend.o
 .comment       0x0000002b       0x2c build/default/production/_ext/1529399856/osal_freertos.o
 .comment       0x0000002b       0x2c build/default/production/_ext/60165520/plib_clk.o
 .comment       0x0000002b       0x2c build/default/production/_ext/1986646378/plib_evsys.o
 .comment       0x0000002b       0x2c build/default/production/_ext/1865254177/plib_gpio.o
 .comment       0x0000002b       0x2c build/default/production/_ext/1865468468/plib_nvic.o
 .comment       0x0000002b       0x2c build/default/production/_ext/60176403/plib_nvm.o
 .comment       0x0000002b       0x2c build/default/production/_ext/60180175/plib_rtc_timer.o
 .comment       0x0000002b       0x2c build/default/production/_ext/508257091/plib_sercom2_i2c_master.o
 .comment       0x0000002b       0x2c build/default/production/_ext/504274921/plib_sercom0_usart.o
 .comment       0x0000002b       0x2c build/default/production/_ext/60181570/plib_tcc2.o
 .comment       0x0000002b       0x2c build/default/production/_ext/1865643529/plib_trng.o
 .comment       0x0000002b       0x2c build/default/production/_ext/163028504/xc32_monitor.o
 .comment       0x0000002b       0x2c build/default/production/_ext/1881668453/sys_int.o
 .comment       0x0000002b       0x2c build/default/production/_ext/1992166216/csMem.o
 .comment       0x0000002b       0x2c build/default/production/_ext/1992166216/configserver.o
 .comment       0x0000002b       0x2c build/default/production/_ext/1992166216/csPersistentMem.o
 .comment       0x0000002b       0x2c build/default/production/_ext/1852899459/timer.o
 .comment       0x0000002b       0x2c build/default/production/_ext/1852899459/halTaskManager.o
 .comment       0x0000002b       0x2c build/default/production/_ext/1852899459/appTimer.o
 .comment       0x0000002b       0x2c build/default/production/_ext/2026454998/halAppClock.o
 .comment       0x0000002b       0x2c build/default/production/_ext/2026454998/halMacIsr.o
 .comment       0x0000002b       0x2c build/default/production/_ext/2026454998/halSleep.o
 .comment       0x0000002b       0x2c build/default/production/_ext/2026454998/halRfCtrl.o
 .comment       0x0000002b       0x2c build/default/production/_ext/2026454998/halAes.o
 .comment       0x0000002b       0x2c build/default/production/_ext/16121766/bcPDS.o
 .comment       0x0000002b       0x2c build/default/production/_ext/16121766/wlPdsTypesConverter.o
 .comment       0x0000002b       0x2c build/default/production/_ext/2010351915/sysSleep.o
 .comment       0x0000002b       0x2c build/default/production/_ext/2010351915/sysInit.o
 .comment       0x0000002b       0x2c build/default/production/_ext/2010351915/sysDuplicateTable.o
 .comment       0x0000002b       0x2c build/default/production/_ext/2010351915/sysTimer.o
 .comment       0x0000002b       0x2c build/default/production/_ext/2010351915/sysEventsHandler.o
 .comment       0x0000002b       0x2c build/default/production/_ext/2010351915/sysUtils.o
 .comment       0x0000002b       0x2c build/default/production/_ext/2010351915/sysMutex.o
 .comment       0x0000002b       0x2c build/default/production/_ext/2010351915/sysAssert.o
 .comment       0x0000002b       0x2c build/default/production/_ext/2010351915/sysIdleHandler.o
 .comment       0x0000002b       0x2c build/default/production/_ext/2010351915/sysTaskManager.o
 .comment       0x0000002b       0x2c build/default/production/_ext/2010351915/sysQueue.o
 .comment       0x0000002b       0x2c build/default/production/_ext/1543366104/scenes.o
 .comment       0x0000002b       0x2c build/default/production/_ext/266130186/zclCommandManager.o
 .comment       0x0000002b       0x2c build/default/production/_ext/176650468/N_Util.o
 .comment       0x0000002b       0x2c build/default/production/_ext/410253077/identifyCluster.o
 .comment       0x0000002b       0x2c build/default/production/_ext/410253077/haClusters.o
 .comment       0x0000002b       0x2c build/default/production/_ext/410253077/groupsCluster.o
 .comment       0x0000002b       0x2c build/default/production/_ext/677812807/zgb_task.o
 .comment       0x0000002b       0x2c build/default/production/_ext/677812807/errH.o
 .comment       0x0000002b       0x2c build/default/production/_ext/677812807/zigbee_init.o
 .comment       0x0000002b       0x2c build/default/production/_ext/677812807/z3DevicePic32cx.o
 .comment       0x0000002b       0x2c build/default/production/_ext/677812807/pic32cxBSP.o
 .comment       0x0000002b       0x2c build/default/production/_ext/760746121/hsBasicCluster.o
 .comment       0x0000002b       0x2c build/default/production/_ext/760746121/tsBasicCluster.o
 .comment       0x0000002b       0x2c build/default/production/_ext/760746121/msPdt.o
 .comment       0x0000002b       0x2c build/default/production/_ext/760746121/hsGroupsCluster.o
 .comment       0x0000002b       0x2c build/default/production/_ext/760746121/tsGroupsCluster.o
 .comment       0x0000002b       0x2c build/default/production/_ext/760746121/msClusters.o
 .comment       0x0000002b       0x2c build/default/production/_ext/760746121/hsIdentifyCluster.o
 .comment       0x0000002b       0x2c build/default/production/_ext/760746121/hsHumidityMeasurementCluster.o
 .comment       0x0000002b       0x2c build/default/production/_ext/760746121/multiSensor.o
 .comment       0x0000002b       0x2c build/default/production/_ext/760746121/tsIdentifyCluster.o
 .comment       0x0000002b       0x2c build/default/production/_ext/760746121/tsTemperatureMeasurementCluster.o
 .comment       0x0000002b       0x2c build/default/production/_ext/767455689/BDB_Unpack.o
 .comment       0x0000002b       0x2c build/default/production/_ext/767455689/BDB_API.o
 .comment       0x0000002b       0x2c build/default/production/_ext/888883922/CS_API.o
 .comment       0x0000002b       0x2c build/default/production/_ext/888883922/CS_Unpack.o
 .comment       0x0000002b       0x2c build/default/production/_ext/767443559/NWK_API.o
 .comment       0x0000002b       0x2c build/default/production/_ext/767443559/NWK_Unpack.o
 .comment       0x0000002b       0x2c build/default/production/_ext/767432646/ZCL_Unpack.o
 .comment       0x0000002b       0x2c build/default/production/_ext/767432646/ZCL_API.o
 .comment       0x0000002b       0x2c build/default/production/_ext/767432612/ZDO_Unpack.o
 .comment       0x0000002b       0x2c build/default/production/_ext/1171490990/tasks.o
 .comment       0x0000002b       0x2c build/default/production/_ext/1171490990/device_sleep.o
 .comment       0x0000002b       0x2c build/default/production/_ext/1171490990/startup_xc32.o
 .comment       0x0000002b       0x2c build/default/production/_ext/1171490990/freertos_hooks.o
 .comment       0x0000002b       0x2c build/default/production/_ext/1171490990/exceptions.o
 .comment       0x0000002b       0x2c build/default/production/_ext/1171490990/initialization.o
 .comment       0x0000002b       0x2c build/default/production/_ext/1171490990/interrupts.o
 .comment       0x0000002b       0x2c build/default/production/_ext/246609638/port.o
 .comment       0x0000002b       0x2c build/default/production/_ext/1665200909/heap_4.o
 .comment       0x0000002b       0x2c build/default/production/_ext/404212886/list.o
 .comment       0x0000002b       0x2c build/default/production/_ext/404212886/queue.o
 .comment       0x0000002b       0x2c build/default/production/_ext/404212886/FreeRTOS_tasks.o
 .comment       0x0000002b       0x2c build/default/production/_ext/172253694/crypt_wolfcryptcb.o
 .comment       0x0000002b       0x2c build/default/production/_ext/172253694/crypt_aes_u2238.o
 .comment       0x0000002b       0x2c build/default/production/_ext/1664057780/cryptocb.o
 .comment       0x0000002b       0x2c build/default/production/_ext/1664057780/aes.o
 .comment       0x0000002b       0x2c build/default/production/_ext/1360937237/app.o
 .comment       0x0000002b       0x2c build/default/production/_ext/1360937237/app_idle_task.o
 .comment       0x0000002b       0x2c build/default/production/_ext/1360937237/main.o
 .comment       0x0000002b       0x53 ..\src\config\default\zigbee\lib\zigbee_alldevice_lib.a(N_AddressManager.o)
                                 0x54 (size before relaxing)
 .comment       0x0000007e       0x54 ..\src\config\default\zigbee\lib\zigbee_alldevice_lib.a(N_ConnectionAssociation.o)
 .comment       0x0000007e       0x54 ..\src\config\default\zigbee\lib\zigbee_alldevice_lib.a(N_ConnectionCommon.o)
 .comment       0x0000007e       0x54 ..\src\config\default\zigbee\lib\zigbee_alldevice_lib.a(N_ConnectionEnddevice.o)
 .comment       0x0000007e       0x54 ..\src\config\default\zigbee\lib\zigbee_alldevice_lib.a(N_ConnectionRouter.o)
 .comment       0x0000007e       0x54 ..\src\config\default\zigbee\lib\zigbee_alldevice_lib.a(N_Connection_ReconnectHandler.o)
 .comment       0x0000007e       0x54 ..\src\config\default\zigbee\lib\zigbee_alldevice_lib.a(N_DeviceInfo.o)
 .comment       0x0000007e       0x54 ..\src\config\default\zigbee\lib\zigbee_alldevice_lib.a(N_ErrH.o)
 .comment       0x0000007e       0x54 ..\src\config\default\zigbee\lib\zigbee_alldevice_lib.a(N_LinkTarget.o)
 .comment       0x0000007e       0x54 ..\src\config\default\zigbee\lib\zigbee_alldevice_lib.a(N_Log.o)
 .comment       0x0000007e       0x54 ..\src\config\default\zigbee\lib\zigbee_alldevice_lib.a(N_PacketDistributor.o)
 .comment       0x0000007e       0x54 ..\src\config\default\zigbee\lib\zigbee_alldevice_lib.a(N_Radio.o)
 .comment       0x0000007e       0x54 ..\src\config\default\zigbee\lib\zigbee_alldevice_lib.a(N_Security.o)
 .comment       0x0000007e       0x54 ..\src\config\default\zigbee\lib\zigbee_alldevice_lib.a(N_Security_Calc.o)
 .comment       0x0000007e       0x54 ..\src\config\default\zigbee\lib\zigbee_alldevice_lib.a(N_Task-Internal-Microchip.o)
 .comment       0x0000007e       0x54 ..\src\config\default\zigbee\lib\zigbee_alldevice_lib.a(N_Task.o)
 .comment       0x0000007e       0x54 ..\src\config\default\zigbee\lib\zigbee_alldevice_lib.a(N_Timer.o)
 .comment       0x0000007e       0x54 ..\src\config\default\zigbee\lib\zigbee_alldevice_lib.a(N_Zdp.o)
 .comment       0x0000007e       0x54 ..\src\config\default\zigbee\lib\zigbee_alldevice_lib.a(aps.o)
 .comment       0x0000007e       0x54 ..\src\config\default\zigbee\lib\zigbee_alldevice_lib.a(bdb.o)
 .comment       0x0000007e       0x54 ..\src\config\default\zigbee\lib\zigbee_alldevice_lib.a(bdbBcEventsHandler.o)
 .comment       0x0000007e       0x54 ..\src\config\default\zigbee\lib\zigbee_alldevice_lib.a(bdbCommissioning.o)
 .comment       0x0000007e       0x54 ..\src\config\default\zigbee\lib\zigbee_alldevice_lib.a(bdbFindingAndBinding.o)
 .comment       0x0000007e       0x54 ..\src\config\default\zigbee\lib\zigbee_alldevice_lib.a(bdbIB.o)
 .comment       0x0000007e       0x54 ..\src\config\default\zigbee\lib\zigbee_alldevice_lib.a(bdbInstallCode.o)
 .comment       0x0000007e       0x54 ..\src\config\default\zigbee\lib\zigbee_alldevice_lib.a(bdbNwkFormation.o)
 .comment       0x0000007e       0x54 ..\src\config\default\zigbee\lib\zigbee_alldevice_lib.a(bdbNwkSteering.o)
 .comment       0x0000007e       0x54 ..\src\config\default\zigbee\lib\zigbee_alldevice_lib.a(bdbReset.o)
 .comment       0x0000007e       0x54 ..\src\config\default\zigbee\lib\zigbee_alldevice_lib.a(bdbSecurity.o)
 .comment       0x0000007e       0x54 ..\src\config\default\zigbee\lib\zigbee_alldevice_lib.a(bdbTouchlink.o)
 .comment       0x0000007e       0x54 ..\src\config\default\zigbee\lib\zigbee_alldevice_lib.a(macenvPib.o)
 .comment       0x0000007e       0x54 ..\src\config\default\zigbee\lib\zigbee_alldevice_lib.a(machwdManager.o)
 .comment       0x0000007e       0x54 ..\src\config\default\zigbee\lib\zigbee_alldevice_lib.a(machwdRegAccessHandler.o)
 .comment       0x0000007e       0x54 ..\src\config\default\zigbee\lib\zigbee_alldevice_lib.a(machwdResetHandler.o)
 .comment       0x0000007e       0x54 ..\src\config\default\zigbee\lib\zigbee_alldevice_lib.a(machwdRndHandler.o)
 .comment       0x0000007e       0x54 ..\src\config\default\zigbee\lib\zigbee_alldevice_lib.a(machwdRxBuffer.o)
 .comment       0x0000007e       0x54 ..\src\config\default\zigbee\lib\zigbee_alldevice_lib.a(machwdRxFrameHandler.o)
 .comment       0x0000007e       0x54 ..\src\config\default\zigbee\lib\zigbee_alldevice_lib.a(machwdSetHandler.o)
 .comment       0x0000007e       0x54 ..\src\config\default\zigbee\lib\zigbee_alldevice_lib.a(machwdTrxCtrl.o)
 .comment       0x0000007e       0x54 ..\src\config\default\zigbee\lib\zigbee_alldevice_lib.a(machwdTrxHandler.o)
 .comment       0x0000007e       0x54 ..\src\config\default\zigbee\lib\zigbee_alldevice_lib.a(machwdTxFrameHandler.o)
 .comment       0x0000007e       0x54 ..\src\config\default\zigbee\lib\zigbee_alldevice_lib.a(machwiBanNode.o)
 .comment       0x0000007e       0x54 ..\src\config\default\zigbee\lib\zigbee_alldevice_lib.a(machwiManager.o)
 .comment       0x0000007e       0x54 ..\src\config\default\zigbee\lib\zigbee_alldevice_lib.a(machwiOrphanHandler.o)
 .comment       0x0000007e       0x54 ..\src\config\default\zigbee\lib\zigbee_alldevice_lib.a(machwiPanServer.o)
 .comment       0x0000007e       0x54 ..\src\config\default\zigbee\lib\zigbee_alldevice_lib.a(machwiPollHandler.o)
 .comment       0x0000007e       0x54 ..\src\config\default\zigbee\lib\zigbee_alldevice_lib.a(machwiPurgeHandler.o)
 .comment       0x0000007e       0x54 ..\src\config\default\zigbee\lib\zigbee_alldevice_lib.a(machwiResetHandler.o)
 .comment       0x0000007e       0x54 ..\src\config\default\zigbee\lib\zigbee_alldevice_lib.a(machwiRxEnableHandler.o)
 .comment       0x0000007e       0x54 ..\src\config\default\zigbee\lib\zigbee_alldevice_lib.a(machwiScanHandler.o)
 .comment       0x0000007e       0x54 ..\src\config\default\zigbee\lib\zigbee_alldevice_lib.a(machwiSetGetHandler.o)
 .comment       0x0000007e       0x54 ..\src\config\default\zigbee\lib\zigbee_alldevice_lib.a(machwiStartHandler.o)
 .comment       0x0000007e       0x54 ..\src\config\default\zigbee\lib\zigbee_alldevice_lib.a(machwiSwitchRxCtrl.o)
 .comment       0x0000007e       0x54 ..\src\config\default\zigbee\lib\zigbee_alldevice_lib.a(machwiTransactionHandler.o)
 .comment       0x0000007e       0x54 ..\src\config\default\zigbee\lib\zigbee_alldevice_lib.a(machwiTransactionQueue.o)
 .comment       0x0000007e       0x54 ..\src\config\default\zigbee\lib\zigbee_alldevice_lib.a(nwk.o)
 .comment       0x0000007e       0x54 ..\src\config\default\zigbee\lib\zigbee_alldevice_lib.a(phyAntDiversity.o)
 .comment       0x0000007e       0x54 ..\src\config\default\zigbee\lib\zigbee_alldevice_lib.a(phyDeepSleep.o)
 .comment       0x0000007e       0x54 ..\src\config\default\zigbee\lib\zigbee_alldevice_lib.a(phyInit.o)
 .comment       0x0000007e       0x54 ..\src\config\default\zigbee\lib\zigbee_alldevice_lib.a(phyRegAccess.o)
 .comment       0x0000007e       0x54 ..\src\config\default\zigbee\lib\zigbee_alldevice_lib.a(phyReset.o)
 .comment       0x0000007e       0x54 ..\src\config\default\zigbee\lib\zigbee_alldevice_lib.a(phyRfIrqDispatcher.o)
 .comment       0x0000007e       0x54 ..\src\config\default\zigbee\lib\zigbee_alldevice_lib.a(phyRnd.o)
 .comment       0x0000007e       0x54 ..\src\config\default\zigbee\lib\zigbee_alldevice_lib.a(phyRtimerIrqDispatcher.o)
 .comment       0x0000007e       0x54 ..\src\config\default\zigbee\lib\zigbee_alldevice_lib.a(phyRxFrame.o)
 .comment       0x0000007e       0x54 ..\src\config\default\zigbee\lib\zigbee_alldevice_lib.a(phySet.o)
 .comment       0x0000007e       0x54 ..\src\config\default\zigbee\lib\zigbee_alldevice_lib.a(phySetTrxState.o)
 .comment       0x0000007e       0x54 ..\src\config\default\zigbee\lib\zigbee_alldevice_lib.a(phyStateMachine.o)
 .comment       0x0000007e       0x54 ..\src\config\default\zigbee\lib\zigbee_alldevice_lib.a(phyTxFrame.o)
 .comment       0x0000007e       0x54 ..\src\config\default\zigbee\lib\zigbee_alldevice_lib.a(phyTxPowerConverter.o)
 .comment       0x0000007e       0x54 ..\src\config\default\zigbee\lib\zigbee_alldevice_lib.a(sspHashHandler.o)
 .comment       0x0000007e       0x54 ..\src\config\default\zigbee\lib\zigbee_alldevice_lib.a(sspManager.o)
 .comment       0x0000007e       0x54 ..\src\config\default\zigbee\lib\zigbee_alldevice_lib.a(sspMem.o)
 .comment       0x0000007e       0x54 ..\src\config\default\zigbee\lib\zigbee_alldevice_lib.a(sspSfpHandler.o)
 .comment       0x0000007e       0x54 ..\src\config\default\zigbee\lib\zigbee_alldevice_lib.a(tcIndInput.o)
 .comment       0x0000007e       0x54 ..\src\config\default\zigbee\lib\zigbee_alldevice_lib.a(tcKeyEstablishHandler.o)
 .comment       0x0000007e       0x54 ..\src\config\default\zigbee\lib\zigbee_alldevice_lib.a(tcMem.o)
 .comment       0x0000007e       0x54 ..\src\config\default\zigbee\lib\zigbee_alldevice_lib.a(tcPermissions.o)
 .comment       0x0000007e       0x54 ..\src\config\default\zigbee\lib\zigbee_alldevice_lib.a(tcRemoveHandler.o)
 .comment       0x0000007e       0x54 ..\src\config\default\zigbee\lib\zigbee_alldevice_lib.a(tcResetHandler.o)
 .comment       0x0000007e       0x54 ..\src\config\default\zigbee\lib\zigbee_alldevice_lib.a(tcTaskManager.o)
 .comment       0x0000007e       0x54 ..\src\config\default\zigbee\lib\zigbee_alldevice_lib.a(zcl.o)
 .comment       0x0000007e       0x54 ..\src\config\default\zigbee\lib\zigbee_alldevice_lib.a(zclApsInterface.o)
 .comment       0x0000007e       0x54 ..\src\config\default\zigbee\lib\zigbee_alldevice_lib.a(zclAttributes.o)
 .comment       0x0000007e       0x54 ..\src\config\default\zigbee\lib\zigbee_alldevice_lib.a(zclCommandAnalyzer.o)
 .comment       0x0000007e       0x54 ..\src\config\default\zigbee\lib\zigbee_alldevice_lib.a(zclMemoryManager.o)
 .comment       0x0000007e       0x54 ..\src\config\default\zigbee\lib\zigbee_alldevice_lib.a(zclParser.o)
 .comment       0x0000007e       0x54 ..\src\config\default\zigbee\lib\zigbee_alldevice_lib.a(zclSecurityManager.o)
 .comment       0x0000007e       0x54 ..\src\config\default\zigbee\lib\zigbee_alldevice_lib.a(zclTaskManager.o)
 .comment       0x0000007e       0x54 ..\src\config\default\zigbee\lib\zigbee_alldevice_lib.a(zdo.o)
 .comment       0x0000007e       0x54 ..\src\config\default\zigbee\lib\zigbee_alldevice_lib.a(N_Address.o)
 .comment       0x0000007e       0x54 ..\src\config\default\zigbee\lib\zigbee_alldevice_lib.a(N_Binding.o)
 .comment       0x0000007e       0x54 ..\src\config\default\zigbee\lib\zigbee_alldevice_lib.a(N_Cmi.o)
 .comment       0x0000007e       0x54 ..\src\config\default\zigbee\lib\zigbee_alldevice_lib.a(N_EndDeviceRobustness.o)
 .comment       0x0000007e       0x54 ..\src\config\default\zigbee\lib\zigbee_alldevice_lib.a(N_Fsm.o)
 .comment       0x0000007e       0x54 ..\src\config\default\zigbee\lib\zigbee_alldevice_lib.a(N_InterPan.o)
 .comment       0x0000007e       0x54 ..\src\config\default\zigbee\lib\zigbee_alldevice_lib.a(N_InterPanBuffers.o)
 .comment       0x0000007e       0x54 ..\src\config\default\zigbee\lib\zigbee_alldevice_lib.a(N_LinkInitiator.o)
 .comment       0x0000007e       0x54 ..\src\config\default\zigbee\lib\zigbee_alldevice_lib.a(N_Memory-Microchip.o)
 .comment       0x0000007e       0x54 ..\src\config\default\zigbee\lib\zigbee_alldevice_lib.a(N_ReconnectHandler.o)
 .comment       0x0000007e       0x54 ..\src\config\default\zigbee\lib\zigbee_alldevice_lib.a(N_Timer-Internal-Microchip.o)
 .comment       0x0000007e       0x54 ..\src\config\default\zigbee\lib\zigbee_alldevice_lib.a(macMem.o)
 .comment       0x0000007e       0x54 ..\src\config\default\zigbee\lib\zigbee_alldevice_lib.a(machwdCalibHandler.o)
 .comment       0x0000007e       0x54 ..\src\config\default\zigbee\lib\zigbee_alldevice_lib.a(machwdEdHandler.o)
 .comment       0x0000007e       0x54 ..\src\config\default\zigbee\lib\zigbee_alldevice_lib.a(machwdFrameRoutine.o)
 .comment       0x0000007e       0x54 ..\src\config\default\zigbee\lib\zigbee_alldevice_lib.a(machwdHandlerCtrl.o)
 .comment       0x0000007e       0x54 ..\src\config\default\zigbee\lib\zigbee_alldevice_lib.a(machwiAssociateHandler.o)
 .comment       0x0000007e       0x54 ..\src\config\default\zigbee\lib\zigbee_alldevice_lib.a(machwiBeaconHandler.o)
 .comment       0x0000007e       0x54 ..\src\config\default\zigbee\lib\zigbee_alldevice_lib.a(machwiDataHandler.o)
 .comment       0x0000007e       0x54 ..\src\config\default\zigbee\lib\zigbee_alldevice_lib.a(machwiTransactionHash.o)
 .comment       0x0000007e       0x54 ..\src\config\default\zigbee\lib\zigbee_alldevice_lib.a(phyCalib.o)
 .comment       0x0000007e       0x54 ..\src\config\default\zigbee\lib\zigbee_alldevice_lib.a(phyEd.o)
 .comment       0x0000007e       0x54 ..\src\config\default\zigbee\lib\zigbee_alldevice_lib.a(sspAesHandler.o)
 .comment       0x0000007e       0x54 ..\src\config\default\zigbee\lib\zigbee_alldevice_lib.a(sspCcmHandler.o)
 .comment       0x0000007e       0x54 ..\src\config\default\zigbee\lib\zigbee_alldevice_lib.a(sspHash.o)
 .comment       0x0000007e       0x54 ..\src\config\default\zigbee\lib\zigbee_alldevice_lib.a(sspReset.o)
 .comment       0x0000007e       0x54 ..\src\config\default\zigbee\lib\zigbee_alldevice_lib.a(tcAuthenticHandler.o)
 .comment       0x0000007e       0x54 ..\src\config\default\zigbee\lib\zigbee_alldevice_lib.a(tcDeviceTableCtrlHandler.o)
 .comment       0x0000007e       0x54 ..\src\config\default\zigbee\lib\zigbee_alldevice_lib.a(tcKeyUpdateHandler.o)
 .comment       0x0000007e       0x53 ..\src\config\default\driver\device_support\pic32cx_bz2_device_support.a(info_block.o)
                                 0x54 (size before relaxing)
 .comment       0x000000d1       0x54 ..\src\config\default\driver\device_support\pic32cx_bz2_device_support.a(pmu_system.o)
 .comment       0x000000d1       0x54 ..\src\config\default\driver\device_support\pic32cx_bz2_device_support.a(rf.o)
 .comment       0x000000d1       0x54 ..\src\config\default\driver\device_support\pic32cx_bz2_device_support.a(rf_system.o)
 .comment       0x000000d1       0x54 ..\src\config\default\driver\device_support\pic32cx_bz2_device_support.a(sleep_system.o)
 .comment       0x000000d1       0x54 ..\src\config\default\driver\device_support\pic32cx_bz2_device_support.a(info_block_plat.o)
 .comment       0x000000d1       0x54 ..\src\config\default\driver\device_support\pic32cx_bz2_device_support.a(pmu_dvr.o)
 .comment       0x000000d1       0x54 ..\src\config\default\driver\pds\pds.a(wlPdsDataServer.o)
 .comment       0x000000d1       0x54 ..\src\config\default\driver\pds\pds.a(wlPdsInit.o)
 .comment       0x000000d1       0x54 ..\src\config\default\driver\pds\pds.a(D_Nv.o)